\BOOKMARK [1][-]{section.1}{\376\377\000I\000n\000t\000r\000o\000d\000u\000c\000t\000i\000o\000n}{}% 1
\BOOKMARK [1][-]{section.2}{\376\377\000F\000o\000u\000n\000d\000a\000t\000i\000o\000n\000s\000:\000\040\000A\000d\000m\000i\000s\000s\000i\000b\000i\000l\000i\000t\000y\000\040\000S\000t\000r\000u\000c\000t\000u\000r\000e\000s}{}% 2
\BOOKMARK [2][-]{subsection.2.1}{\376\377\000S\000t\000a\000t\000e\000\040\000s\000p\000a\000c\000e\000s\000\040\000a\000n\000d\000\040\000r\000e\000a\000c\000h\000a\000b\000i\000l\000i\000t\000y}{section.2}% 3
\BOOKMARK [2][-]{subsection.2.2}{\376\377\000T\000h\000e\000\040\000a\000d\000m\000i\000s\000s\000i\000b\000i\000l\000i\000t\000y\000\040\000e\000q\000u\000i\000v\000a\000l\000e\000n\000c\000e\000\040\000r\000e\000l\000a\000t\000i\000o\000n}{section.2}% 4
\BOOKMARK [2][-]{subsection.2.3}{\376\377\000A\000d\000m\000i\000s\000s\000i\000b\000l\000e\000\040\000r\000e\000p\000r\000e\000s\000e\000n\000t\000a\000t\000i\000o\000n\000s\000\040\000a\000n\000d\000\040\000d\000i\000s\000t\000o\000r\000t\000i\000o\000n}{section.2}% 5
\BOOKMARK [2][-]{subsection.2.4}{\376\377\000T\000h\000e\000\040\000a\000d\000m\000i\000s\000s\000i\000b\000i\000l\000i\000t\000y\000\040\000q\000u\000o\000t\000i\000e\000n\000t}{section.2}% 6
\BOOKMARK [1][-]{section.3}{\376\377\000T\000h\000e\000\040\000C\000a\000t\000e\000g\000o\000r\000y\000\040\000o\000f\000\040\000A\000d\000m\000i\000s\000s\000i\000b\000i\000l\000i\000t\000y\000\040\000S\000t\000r\000u\000c\000t\000u\000r\000e\000s}{}% 7
\BOOKMARK [2][-]{subsection.3.1}{\376\377\000O\000b\000j\000e\000c\000t\000s\000\040\000a\000n\000d\000\040\000m\000o\000r\000p\000h\000i\000s\000m\000s}{section.3}% 8
\BOOKMARK [2][-]{subsection.3.2}{\376\377\000A\000d\000m\000i\000s\000s\000i\000b\000l\000e\000\040\000r\000e\000p\000r\000e\000s\000e\000n\000t\000a\000t\000i\000o\000n\000s\000\040\000a\000s\000\040\000m\000o\000r\000p\000h\000i\000s\000m\000s\000:\000\040\000a\000\040\000p\000r\000e\000c\000i\000s\000e\000\040\000s\000t\000a\000t\000e\000m\000e\000n\000t}{section.3}% 9
\BOOKMARK [2][-]{subsection.3.3}{\376\377\000T\000h\000e\000\040\000u\000n\000i\000v\000e\000r\000s\000a\000l\000\040\000p\000r\000o\000p\000e\000r\000t\000y\000\040\000o\000f\000\040\000t\000h\000e\000\040\000a\000d\000m\000i\000s\000s\000i\000b\000i\000l\000i\000t\000y\000\040\000q\000u\000o\000t\000i\000e\000n\000t}{section.3}% 10
\BOOKMARK [2][-]{subsection.3.4}{\376\377\000T\000h\000e\000\040\000m\000o\000r\000p\000h\000i\000s\000m\000\040\000d\000e\000f\000e\000c\000t\000\040\000a\000s\000\040\000a\000\040\000m\000e\000a\000s\000u\000r\000e\000\040\000o\000f\000\040\000n\000o\000n\000-\000i\000n\000i\000t\000i\000a\000l\000i\000t\000y}{section.3}% 11
\BOOKMARK [1][-]{section.4}{\376\377\000T\000h\000e\000\040\000Q\000u\000o\000t\000i\000e\000n\000t\000\040\000L\000a\000t\000t\000i\000c\000e\000\040\000a\000n\000d\000\040\000C\000o\000m\000p\000r\000e\000s\000s\000i\000o\000n\000\040\000M\000o\000r\000p\000h\000i\000s\000m\000s}{}% 12
\BOOKMARK [2][-]{subsection.4.1}{\376\377\000T\000h\000e\000\040\000l\000a\000t\000t\000i\000c\000e\000\040\000o\000f\000\040\000q\000u\000o\000t\000i\000e\000n\000t\000s}{section.4}% 13
\BOOKMARK [2][-]{subsection.4.2}{\376\377\000C\000o\000m\000p\000r\000e\000s\000s\000i\000o\000n\000\040\000a\000s\000\040\000u\000p\000w\000a\000r\000d\000\040\000m\000o\000v\000e\000m\000e\000n\000t}{section.4}% 14
\BOOKMARK [2][-]{subsection.4.3}{\376\377\000T\000h\000e\000\040\000c\000o\000m\000p\000r\000e\000s\000s\000i\000o\000n\040\023\000a\000d\000m\000i\000s\000s\000i\000b\000i\000l\000i\000t\000y\000\040\000t\000r\000a\000d\000e\000o\000f\000f\000\040\000a\000s\000\040\000a\000\040\000f\000u\000n\000c\000t\000o\000r}{section.4}% 15
\BOOKMARK [1][-]{section.5}{\376\377\000T\000h\000e\000\040\000R\000e\000a\000c\000h\000a\000b\000i\000l\000i\000t\000y\000\040\000S\000h\000e\000a\000f}{}% 16
\BOOKMARK [2][-]{subsection.5.1}{\376\377\000T\000h\000e\000\040\000A\000l\000e\000x\000a\000n\000d\000r\000o\000v\000\040\000t\000o\000p\000o\000l\000o\000g\000y\000\040\000o\000n\000\040\000X}{section.5}% 17
\BOOKMARK [2][-]{subsection.5.2}{\376\377\000T\000h\000e\000\040\000r\000e\000a\000c\000h\000a\000b\000i\000l\000i\000t\000y\000\040\000p\000r\000e\000s\000h\000e\000a\000f\000\040\000a\000n\000d\000\040\000s\000h\000e\000a\000f}{section.5}% 18
\BOOKMARK [2][-]{subsection.5.3}{\376\377\000T\000h\000e\000\040\000o\000b\000s\000e\000r\000v\000a\000t\000i\000o\000n\000\040\000p\000r\000e\000s\000h\000e\000a\000f}{section.5}% 19
\BOOKMARK [2][-]{subsection.5.4}{\376\377\000T\000h\000e\000\040\000g\000l\000u\000i\000n\000g\000\040\000f\000a\000i\000l\000u\000r\000e\000\040\000a\000n\000d\000\040\000t\000h\000e\000\040\000O\000b\000s\000e\000r\000v\000a\000t\000i\000o\000n\000a\000l\040\023\000I\000n\000t\000e\000r\000v\000e\000n\000t\000i\000o\000n\000a\000l\000\040\000S\000e\000p\000a\000r\000a\000t\000i\000o\000n}{section.5}% 20
\BOOKMARK [1][-]{section.6}{\376\377\000C\000o\000h\000o\000m\000o\000l\000o\000g\000i\000c\000a\000l\000\040\000P\000e\000r\000s\000p\000e\000c\000t\000i\000v\000e\000s}{}% 21
\BOOKMARK [2][-]{subsection.6.1}{\376\377\000T\000h\000e\000\040\001\014\000e\000c\000h\000\040\000c\000o\000m\000p\000l\000e\000x}{section.6}% 22
\BOOKMARK [2][-]{subsection.6.2}{\376\377\000T\000h\000e\000\040\000c\000e\000n\000t\000r\000a\000l\000\040\000c\000o\000n\000j\000e\000c\000t\000u\000r\000e}{section.6}% 23
\BOOKMARK [1][-]{section.7}{\376\377\000T\000e\000m\000p\000o\000r\000a\000l\000\040\000F\000u\000n\000c\000t\000o\000r\000s\000\040\000a\000n\000d\000\040\000M\000e\000t\000a\000-\000A\000d\000m\000i\000s\000s\000i\000b\000i\000l\000i\000t\000y}{}% 24
\BOOKMARK [2][-]{subsection.7.1}{\376\377\000T\000h\000e\000\040\000t\000e\000m\000p\000o\000r\000a\000l\000\040\000b\000a\000s\000e\000\040\000c\000a\000t\000e\000g\000o\000r\000y}{section.7}% 25
\BOOKMARK [2][-]{subsection.7.2}{\376\377\000T\000e\000m\000p\000o\000r\000a\000l\000\040\000a\000d\000m\000i\000s\000s\000i\000b\000i\000l\000i\000t\000y\000\040\000f\000u\000n\000c\000t\000o\000r\000s}{section.7}% 26
\BOOKMARK [2][-]{subsection.7.3}{\376\377\000M\000e\000t\000a\000-\000a\000d\000m\000i\000s\000s\000i\000b\000i\000l\000i\000t\000y\000\040\000a\000s\000\040\000a\000\040\000f\000u\000n\000c\000t\000o\000r\000\040\000c\000o\000n\000d\000i\000t\000i\000o\000n}{section.7}% 27
\BOOKMARK [2][-]{subsection.7.4}{\376\377\000N\000a\000t\000u\000r\000a\000l\000\040\000t\000r\000a\000n\000s\000f\000o\000r\000m\000a\000t\000i\000o\000n\000s\000\040\000b\000e\000t\000w\000e\000e\000n\000\040\000d\000e\000v\000e\000l\000o\000p\000m\000e\000n\000t\000a\000l\000\040\000t\000r\000a\000j\000e\000c\000t\000o\000r\000i\000e\000s}{section.7}% 28
\BOOKMARK [1][-]{section.8}{\376\377\000T\000h\000e\000\040\000A\000d\000m\000i\000s\000s\000i\000b\000i\000l\000i\000t\000y\000\040\000P\000r\000o\000g\000r\000a\000m\000m\000e\000\040\000a\000s\000\040\000a\000\040\000G\000e\000o\000m\000e\000t\000r\000i\000c\000\040\000O\000b\000j\000e\000c\000t}{}% 29
\BOOKMARK [1][-]{section.9}{\376\377\000O\000p\000e\000n\000\040\000P\000r\000o\000b\000l\000e\000m\000s}{}% 30
\BOOKMARK [1][-]{section.10}{\376\377\000C\000o\000n\000c\000l\000u\000s\000i\000o\000n}{}% 31
