\BOOKMARK [0][-]{chapter*.1}{\376\377\000A\000b\000s\000t\000r\000a\000c\000t}{}% 1
\BOOKMARK [-1][-]{part.1}{\376\377\000I\000\040\000T\000h\000e\000\040\000P\000r\000o\000b\000l\000e\000m}{}% 2
\BOOKMARK [0][-]{chapter.1}{\376\377\000T\000h\000e\000\040\000P\000a\000s\000s\000i\000v\000e\000\040\000T\000h\000e\000o\000r\000y\000\040\000o\000f\000\040\000N\000o\000t\000e\000s\000\040\000a\000n\000d\000\040\000I\000t\000s\000\040\000F\000a\000i\000l\000u\000r\000e}{part.1}% 3
\BOOKMARK [1][-]{section.1.1}{\376\377\000T\000h\000e\000\040\000C\000o\000n\000t\000i\000n\000u\000a\000t\000i\000o\000n\000\040\000A\000c\000c\000o\000u\000n\000t}{chapter.1}% 4
\BOOKMARK [1][-]{section.1.2}{\376\377\000N\000o\000t\000e\000s\000\040\000a\000s\000\040\000A\000n\000t\000i\000-\000C\000o\000l\000l\000a\000p\000s\000e\000\040\000A\000r\000t\000i\000f\000a\000c\000t\000s}{chapter.1}% 5
\BOOKMARK [0][-]{chapter.2}{\376\377\000T\000h\000e\000\040\000S\000t\000a\000t\000e\000-\000C\000e\000n\000t\000r\000i\000c\000\040\000A\000s\000s\000u\000m\000p\000t\000i\000o\000n\000\040\000a\000n\000d\000\040\000I\000t\000s\000\040\000C\000o\000n\000s\000e\000q\000u\000e\000n\000c\000e\000s}{part.1}% 6
\BOOKMARK [1][-]{section.2.1}{\376\377\000T\000h\000e\000\040\000S\000t\000a\000n\000d\000a\000r\000d\000\040\000P\000r\000e\000m\000i\000s\000e}{chapter.2}% 7
\BOOKMARK [1][-]{section.2.2}{\376\377\000T\000h\000e\000\040\000S\000t\000a\000t\000e\000\040\000I\000l\000l\000u\000s\000i\000o\000n}{chapter.2}% 8
\BOOKMARK [1][-]{section.2.3}{\376\377\000C\000o\000n\000s\000e\000q\000u\000e\000n\000c\000e\000s\000\040\000f\000o\000r\000\040\000L\000a\000n\000g\000u\000a\000g\000e\000\040\000D\000e\000s\000i\000g\000n}{chapter.2}% 9
\BOOKMARK [1][-]{section.2.4}{\376\377\000T\000h\000e\000\040\000C\000o\000n\000n\000e\000c\000t\000i\000o\000n\000\040\000t\000o\000\040\000N\000o\000t\000e\000s}{chapter.2}% 10
\BOOKMARK [-1][-]{part.2}{\376\377\000I\000I\000\040\000F\000i\000r\000s\000t\000\040\000P\000r\000i\000n\000c\000i\000p\000l\000e\000s}{}% 11
\BOOKMARK [0][-]{chapter.3}{\376\377\000D\000e\000r\000i\000v\000i\000n\000g\000\040\000t\000h\000e\000\040\000O\000p\000e\000r\000a\000t\000o\000r\000s}{part.2}% 12
\BOOKMARK [1][-]{section.3.1}{\376\377\000T\000h\000e\000\040\000M\000i\000n\000i\000m\000a\000l\000\040\000R\000e\000q\000u\000i\000r\000e\000m\000e\000n\000t\000s}{chapter.3}% 13
\BOOKMARK [1][-]{section.3.2}{\376\377\000T\000h\000e\000\040\000F\000o\000u\000r\000\040\000O\000p\000e\000r\000a\000t\000o\000r\000s}{chapter.3}% 14
\BOOKMARK [1][-]{section.3.3}{\376\377\000W\000h\000y\000\040\000T\000h\000e\000s\000e\000\040\000F\000o\000u\000r\000\040\000a\000n\000d\000\040\000N\000o\000\040\000O\000t\000h\000e\000r\000s}{chapter.3}% 15
\BOOKMARK [1][-]{section.3.4}{\376\377\000T\000h\000e\000\040\000C\000o\000n\000s\000e\000r\000v\000a\000t\000i\000o\000n\000\040\000L\000a\000w}{chapter.3}% 16
\BOOKMARK [0][-]{chapter.4}{\376\377\000T\000h\000e\000\040\000A\000l\000g\000e\000b\000r\000a\000\040\000o\000f\000\040\000H\000i\000s\000t\000o\000r\000i\000e\000s}{part.2}% 17
\BOOKMARK [1][-]{section.4.1}{\376\377\000H\000i\000s\000t\000o\000r\000i\000e\000s\000\040\000a\000s\000\040\000t\000h\000e\000\040\000P\000r\000i\000m\000a\000r\000y\000\040\000O\000b\000j\000e\000c\000t\000s}{chapter.4}% 18
\BOOKMARK [1][-]{section.4.2}{\376\377\000T\000h\000e\000\040\000H\000i\000s\000t\000o\000r\000y\000\040\000C\000a\000t\000e\000g\000o\000r\000y}{chapter.4}% 19
\BOOKMARK [1][-]{section.4.3}{\376\377\000U\000n\000i\000q\000u\000e\000\040\000F\000a\000c\000t\000o\000r\000i\000s\000a\000t\000i\000o\000n}{chapter.4}% 20
\BOOKMARK [1][-]{section.4.4}{\376\377\000A\000d\000m\000i\000s\000s\000i\000b\000i\000l\000i\000t\000y\000\040\000a\000s\000\040\000a\000\040\000S\000e\000t\000-\000V\000a\000l\000u\000e\000d\000\040\000F\000u\000n\000c\000t\000i\000o\000n}{chapter.4}% 21
\BOOKMARK [-1][-]{part.3}{\376\377\000I\000I\000I\000\040\000O\000p\000e\000r\000a\000t\000i\000o\000n\000a\000l\000\040\000S\000e\000m\000a\000n\000t\000i\000c\000s\000\040\000a\000n\000d\000\040\000C\000o\000l\000l\000a\000p\000s\000e}{}% 22
\BOOKMARK [0][-]{chapter.5}{\376\377\000S\000m\000a\000l\000l\000-\000S\000t\000e\000p\000\040\000S\000e\000m\000a\000n\000t\000i\000c\000s}{part.3}% 23
\BOOKMARK [1][-]{section.5.1}{\376\377\000T\000h\000e\000\040\000T\000r\000a\000n\000s\000i\000t\000i\000o\000n\000\040\000S\000y\000s\000t\000e\000m}{chapter.5}% 24
\BOOKMARK [1][-]{section.5.2}{\376\377\000B\000i\000g\000-\000S\000t\000e\000p\000\040\000S\000e\000m\000a\000n\000t\000i\000c\000s}{chapter.5}% 25
\BOOKMARK [1][-]{section.5.3}{\376\377\000M\000u\000l\000t\000i\000-\000S\000t\000e\000p\000\040\000R\000e\000d\000u\000c\000t\000i\000o\000n}{chapter.5}% 26
\BOOKMARK [0][-]{chapter.6}{\376\377\000C\000o\000l\000l\000a\000p\000s\000e\000\040\000a\000s\000\040\000Q\000u\000o\000t\000i\000e\000n\000t}{part.3}% 27
\BOOKMARK [1][-]{section.6.1}{\376\377\000T\000h\000e\000\040\000I\000n\000s\000u\000f\000f\000i\000c\000i\000e\000n\000c\000y\000\040\000o\000f\000\040\000U\000n\000p\000a\000r\000a\000m\000e\000t\000e\000r\000i\000z\000e\000d\000\040\000C\000o\000l\000l\000a\000p\000s\000e}{chapter.6}% 28
\BOOKMARK [1][-]{section.6.2}{\376\377\000T\000h\000e\000\040\000F\000o\000u\000r\000\040\000C\000a\000n\000o\000n\000i\000c\000a\000l\000\040\000R\000u\000l\000e\000s}{chapter.6}% 29
\BOOKMARK [1][-]{section.6.3}{\376\377\000T\000h\000e\000\040\000C\000o\000l\000l\000a\000p\000s\000e\000\040\000F\000u\000n\000c\000t\000o\000r}{chapter.6}% 30
\BOOKMARK [1][-]{section.6.4}{\376\377\000T\000h\000e\000\040\000U\000n\000i\000v\000e\000r\000s\000a\000l\000\040\000P\000r\000o\000p\000e\000r\000t\000y\000\040\000o\000f\000\040\000C\000o\000l\000l\000a\000p\000s\000e}{chapter.6}% 31
\BOOKMARK [-1][-]{part.4}{\376\377\000I\000V\000\040\000T\000y\000p\000e\000\040\000T\000h\000e\000o\000r\000y}{}% 32
\BOOKMARK [0][-]{chapter.7}{\376\377\000T\000y\000p\000e\000s\000\040\000a\000s\000\040\000A\000d\000m\000i\000s\000s\000i\000b\000i\000l\000i\000t\000y\000\040\000C\000e\000r\000t\000i\000f\000i\000c\000a\000t\000e\000s}{part.4}% 33
\BOOKMARK [1][-]{section.7.1}{\376\377\000T\000h\000e\000\040\000I\000n\000a\000d\000e\000q\000u\000a\000c\000y\000\040\000o\000f\000\040\000V\000a\000l\000u\000e\000-\000S\000e\000t\000\040\000T\000y\000p\000e\000s}{chapter.7}% 34
\BOOKMARK [1][-]{section.7.2}{\376\377\000T\000h\000e\000\040\000T\000y\000p\000e\000\040\000L\000a\000n\000g\000u\000a\000g\000e}{chapter.7}% 35
\BOOKMARK [1][-]{section.7.3}{\376\377\000T\000h\000e\000\040\000T\000y\000p\000e\000\040\000R\000u\000l\000e\000s}{chapter.7}% 36
\BOOKMARK [1][-]{section.7.4}{\376\377\000O\000p\000e\000n\000\040\000W\000o\000r\000l\000d\000s\000\040\000a\000n\000d\000\040\000C\000l\000o\000s\000e\000d\000\040\000W\000o\000r\000l\000d\000s}{chapter.7}% 37
\BOOKMARK [1][-]{section.7.5}{\376\377\000P\000r\000i\000n\000c\000i\000p\000a\000l\000\040\000T\000h\000e\000o\000r\000e\000m\000s}{chapter.7}% 38
\BOOKMARK [0][-]{chapter.8}{\376\377\000D\000e\000p\000e\000n\000d\000e\000n\000t\000\040\000T\000y\000p\000e\000s\000\040\000a\000n\000d\000\040\000A\000d\000m\000i\000s\000s\000i\000b\000i\000l\000i\000t\000y\000\040\000L\000a\000t\000t\000i\000c\000e\000s}{part.4}% 39
\BOOKMARK [1][-]{section.8.1}{\376\377\000D\000e\000p\000e\000n\000d\000e\000n\000t\000\040\000P\000r\000o\000c\000e\000s\000s\000\040\000T\000y\000p\000e\000s}{chapter.8}% 40
\BOOKMARK [1][-]{section.8.2}{\376\377\000A\000d\000m\000i\000s\000s\000i\000b\000i\000l\000i\000t\000y\000\040\000L\000a\000t\000t\000i\000c\000e\000s}{chapter.8}% 41
\BOOKMARK [1][-]{section.8.3}{\376\377\000P\000r\000o\000o\000f\000-\000C\000a\000r\000r\000y\000i\000n\000g\000\040\000R\000e\000f\000u\000s\000a\000l}{chapter.8}% 42
\BOOKMARK [-1][-]{part.5}{\376\377\000V\000\040\000N\000o\000t\000e\000s\000\040\000a\000s\000\040\000S\000p\000h\000e\000r\000e\000p\000o\000p\000\040\000O\000b\000j\000e\000c\000t\000s}{}% 43
\BOOKMARK [0][-]{chapter.9}{\376\377\000T\000h\000e\000\040\000S\000e\000v\000e\000n\000\040\000N\000o\000t\000e\000\040\000C\000l\000a\000s\000s\000e\000s\000\040\000a\000s\000\040\000O\000p\000e\000r\000a\000t\000o\000r\000\040\000R\000e\000a\000l\000i\000z\000a\000t\000i\000o\000n\000s}{part.5}% 44
\BOOKMARK [1][-]{section.9.1}{\376\377\000T\000h\000e\000\040\000C\000l\000a\000s\000s\000i\000f\000i\000c\000a\000t\000i\000o\000n\000\040\000P\000r\000i\000n\000c\000i\000p\000l\000e}{chapter.9}% 45
\BOOKMARK [0][-]{chapter.10}{\376\377\000C\000a\000p\000t\000u\000r\000e\000\040\000N\000o\000t\000e\000s}{part.5}% 46
\BOOKMARK [0][-]{chapter.11}{\376\377\000P\000r\000o\000s\000p\000e\000c\000t\000i\000v\000e\000\040\000N\000o\000t\000e\000s}{part.5}% 47
\BOOKMARK [0][-]{chapter.12}{\376\377\000R\000e\000p\000a\000i\000r\000,\000\040\000R\000e\000f\000u\000s\000a\000l\000,\000\040\000a\000n\000d\000\040\000G\000e\000n\000e\000r\000a\000t\000i\000v\000e\000\040\000N\000o\000t\000e\000s}{part.5}% 48
\BOOKMARK [1][-]{section.12.1}{\376\377\000R\000e\000p\000a\000i\000r\000\040\000N\000o\000t\000e\000s}{chapter.12}% 49
\BOOKMARK [1][-]{section.12.2}{\376\377\000R\000e\000f\000u\000s\000a\000l\000\040\000N\000o\000t\000e\000s}{chapter.12}% 50
\BOOKMARK [1][-]{section.12.3}{\376\377\000G\000e\000n\000e\000r\000a\000t\000i\000v\000e\000\040\000N\000o\000t\000e\000s}{chapter.12}% 51
\BOOKMARK [0][-]{chapter.13}{\376\377\000C\000o\000l\000l\000a\000p\000s\000e\000\040\000N\000o\000t\000e\000s\000\040\000a\000n\000d\000\040\000t\000h\000e\000\040\000E\000p\000h\000e\000m\000e\000r\000a\000l\000i\000t\000y\000\040\000I\000n\000v\000e\000r\000s\000i\000o\000n}{part.5}% 52
\BOOKMARK [1][-]{section.13.1}{\376\377\000T\000h\000e\000\040\000H\000i\000d\000d\000e\000n\000\040\000C\000l\000a\000s\000s}{chapter.13}% 53
\BOOKMARK [1][-]{section.13.2}{\376\377\000T\000h\000e\000\040\000E\000p\000h\000e\000m\000e\000r\000a\000l\000i\000t\000y\000\040\000I\000n\000v\000e\000r\000s\000i\000o\000n}{chapter.13}% 54
\BOOKMARK [-1][-]{part.6}{\376\377\000V\000I\000\040\000C\000o\000m\000p\000i\000l\000a\000t\000i\000o\000n\000,\000\040\000G\000a\000r\000b\000a\000g\000e\000\040\000C\000o\000l\000l\000e\000c\000t\000i\000o\000n\000,\000\040\000a\000n\000d\000\040\000E\000r\000r\000o\000r\000\040\000C\000o\000r\000r\000e\000c\000t\000i\000o\000n}{}% 55
\BOOKMARK [0][-]{chapter.14}{\376\377\000T\000h\000e\000\040\000E\000v\000e\000n\000t\000\040\000I\000R\000\040\000a\000n\000d\000\040\000C\000o\000m\000p\000i\000l\000e\000r\000\040\000C\000o\000r\000r\000e\000c\000t\000n\000e\000s\000s}{part.6}% 56
\BOOKMARK [1][-]{section.14.1}{\376\377\000T\000h\000e\000\040\000F\000a\000i\000l\000u\000r\000e\000\040\000o\000f\000\040\000T\000r\000a\000d\000i\000t\000i\000o\000n\000a\000l\000\040\000C\000o\000m\000p\000i\000l\000e\000r\000\040\000C\000o\000r\000r\000e\000c\000t\000n\000e\000s\000s}{chapter.14}% 57
\BOOKMARK [1][-]{section.14.2}{\376\377\000E\000v\000e\000n\000t\000\040\000I\000R}{chapter.14}% 58
\BOOKMARK [0][-]{chapter.15}{\376\377\000G\000a\000r\000b\000a\000g\000e\000\040\000C\000o\000l\000l\000e\000c\000t\000i\000o\000n\000\040\000a\000s\000\040\000A\000d\000m\000i\000s\000s\000i\000b\000i\000l\000i\000t\000y\000-\000G\000u\000i\000d\000e\000d\000\040\000C\000o\000l\000l\000a\000p\000s\000e}{part.6}% 59
\BOOKMARK [1][-]{section.15.1}{\376\377\000T\000h\000e\000\040\000S\000t\000a\000n\000d\000a\000r\000d\000\040\000P\000r\000o\000b\000l\000e\000m}{chapter.15}% 60
\BOOKMARK [1][-]{section.15.2}{\376\377\000H\000i\000s\000t\000o\000r\000y\000\040\000S\000e\000g\000m\000e\000n\000t\000s\000\040\000a\000n\000d\000\040\000L\000i\000v\000e\000n\000e\000s\000s}{chapter.15}% 61
\BOOKMARK [1][-]{section.15.3}{\376\377\000G\000C\000\040\000a\000s\000\040\000C\000o\000l\000l\000a\000p\000s\000e}{chapter.15}% 62
\BOOKMARK [1][-]{section.15.4}{\376\377\000T\000h\000r\000e\000e\000\040\000G\000C\000\040\000S\000t\000r\000a\000t\000e\000g\000i\000e\000s}{chapter.15}% 63
\BOOKMARK [1][-]{section.15.5}{\376\377\000A\000d\000m\000i\000s\000s\000i\000b\000i\000l\000i\000t\000y\000\040\000C\000e\000r\000t\000i\000f\000i\000c\000a\000t\000e\000s\000\040\000a\000n\000d\000\040\000G\000C\000\040\000S\000a\000f\000e\000t\000y}{chapter.15}% 64
\BOOKMARK [0][-]{chapter.16}{\376\377\000E\000r\000r\000o\000r\000\040\000C\000o\000r\000r\000e\000c\000t\000i\000o\000n\000\040\000a\000s\000\040\000C\000e\000r\000t\000i\000f\000i\000e\000d\000\040\000R\000e\000f\000u\000s\000a\000l}{part.6}% 65
\BOOKMARK [1][-]{section.16.1}{\376\377\000T\000h\000e\000\040\000S\000t\000a\000n\000d\000a\000r\000d\000\040\000A\000p\000p\000r\000o\000a\000c\000h\000\040\000a\000n\000d\000\040\000I\000t\000s\000\040\000L\000i\000m\000i\000t\000s}{chapter.16}% 66
\BOOKMARK [1][-]{section.16.2}{\376\377\000E\000r\000r\000o\000r\000\040\000C\000o\000r\000r\000e\000c\000t\000i\000o\000n\000\040\000C\000o\000d\000e\000s\000\040\000i\000n\000\040\000H\000i\000s\000t\000o\000r\000y\000\040\000S\000p\000a\000c\000e}{chapter.16}% 67
\BOOKMARK [1][-]{section.16.3}{\376\377\000T\000y\000p\000e\000d\000\040\000E\000r\000r\000o\000r\000\040\000P\000r\000o\000p\000a\000g\000a\000t\000i\000o\000n}{chapter.16}% 68
\BOOKMARK [1][-]{section.16.4}{\376\377\000R\000e\000c\000o\000v\000e\000r\000y\000\040\000a\000s\000\040\000C\000e\000r\000t\000i\000f\000i\000e\000d\000\040\000C\000o\000n\000t\000i\000n\000u\000a\000t\000i\000o\000n}{chapter.16}% 69
\BOOKMARK [-1][-]{part.7}{\376\377\000V\000I\000I\000\040\000D\000e\000e\000p\000\040\000M\000a\000t\000h\000e\000m\000a\000t\000i\000c\000a\000l\000\040\000S\000t\000r\000u\000c\000t\000u\000r\000e}{}% 70
\BOOKMARK [0][-]{chapter.17}{\376\377\000T\000h\000e\000\040\000O\000b\000s\000e\000r\000v\000a\000t\000i\000o\000n\000\040\000L\000i\000m\000i\000t}{part.7}% 71
\BOOKMARK [1][-]{section.17.1}{\376\377\000T\000h\000e\000\040\000R\000e\000v\000i\000e\000w\000e\000r\000'\000s\000\040\000C\000h\000a\000l\000l\000e\000n\000g\000e}{chapter.17}% 72
\BOOKMARK [1][-]{section.17.2}{\376\377\000T\000h\000e\000\040\000N\000o\000\040\000D\000i\000r\000e\000c\000t\000\040\000O\000b\000s\000e\000r\000v\000a\000t\000i\000o\000n\000\040\000T\000h\000e\000o\000r\000e\000m}{chapter.17}% 73
\BOOKMARK [1][-]{section.17.3}{\376\377\000E\000r\000a\000s\000u\000r\000e\000\040\000v\000e\000r\000s\000u\000s\000\040\000I\000l\000l\000u\000s\000i\000o\000n}{chapter.17}% 74
\BOOKMARK [1][-]{section.17.4}{\376\377\000R\000u\000l\000e\000\040\000R\000e\000f\000i\000n\000e\000m\000e\000n\000t\000\040\000a\000s\000\040\000D\000i\000s\000a\000m\000b\000i\000g\000u\000a\000t\000i\000o\000n}{chapter.17}% 75
\BOOKMARK [0][-]{chapter.18}{\376\377\000C\000a\000t\000e\000g\000o\000r\000y\000\040\000T\000h\000e\000o\000r\000y\000\040\000a\000s\000\040\000E\000n\000g\000i\000n\000e}{part.7}% 76
\BOOKMARK [1][-]{section.18.1}{\376\377\000T\000h\000e\000\040\000H\000i\000s\000t\000o\000r\000y\000-\000O\000b\000s\000e\000r\000v\000a\000t\000i\000o\000n\000\040\000A\000d\000j\000u\000n\000c\000t\000i\000o\000n}{chapter.18}% 77
\BOOKMARK [1][-]{section.18.2}{\376\377\000C\000o\000l\000l\000a\000p\000s\000e\000\040\000R\000u\000l\000e\000s\000\040\000F\000o\000r\000m\000\040\000a\000\040\000L\000a\000t\000t\000i\000c\000e}{chapter.18}% 78
\BOOKMARK [1][-]{section.18.3}{\376\377\000S\000h\000e\000a\000f\000-\000T\000h\000e\000o\000r\000e\000t\000i\000c\000\040\000S\000e\000m\000a\000n\000t\000i\000c\000s}{chapter.18}% 79
\BOOKMARK [0][-]{chapter.19}{\376\377\000C\000L\000I\000O\000\040\000P\000r\000o\000j\000e\000c\000t\000i\000o\000n\000s\000\040\000a\000n\000d\000\040\000A\000c\000t\000i\000v\000e\000\040\000G\000e\000o\000d\000e\000s\000i\000c\000\040\000I\000n\000f\000e\000r\000e\000n\000c\000e}{part.7}% 80
\BOOKMARK [1][-]{section.19.1}{\376\377\000C\000o\000l\000l\000a\000p\000s\000e\000\040\000R\000u\000l\000e\000s\000\040\000a\000s\000\040\000C\000L\000I\000O\000\040\000P\000r\000o\000j\000e\000c\000t\000i\000o\000n\000s}{chapter.19}% 81
\BOOKMARK [1][-]{section.19.2}{\376\377\000T\000h\000e\000\040\000S\000a\000n\000t\000o\000r\000o\040\023\000W\000a\000g\000h\000m\000a\000r\000e\040\023\000P\000a\000n\000a\000r\000e\000t\000o\000s\000\040\000U\000n\000i\000f\000i\000c\000a\000t\000i\000o\000n}{chapter.19}% 82
\BOOKMARK [1][-]{section.19.3}{\376\377\000A\000c\000t\000i\000v\000e\000\040\000G\000e\000o\000d\000e\000s\000i\000c\000\040\000I\000n\000f\000e\000r\000e\000n\000c\000e}{chapter.19}% 83
\BOOKMARK [-1][-]{part.8}{\376\377\000V\000I\000I\000I\000\040\000C\000i\000v\000i\000l\000i\000z\000a\000t\000i\000o\000n\000\040\000a\000s\000\040\000N\000o\000t\000e\000\040\000I\000n\000f\000r\000a\000s\000t\000r\000u\000c\000t\000u\000r\000e}{}% 84
\BOOKMARK [0][-]{chapter.20}{\376\377\000M\000E\000M\000|\0008\000\040\000a\000n\000d\000\040\000t\000h\000e\000\040\000C\000o\000g\000n\000i\000t\000i\000v\000e\000\040\000S\000u\000b\000s\000t\000r\000a\000t\000e}{part.8}% 85
\BOOKMARK [1][-]{section.20.1}{\376\377\000M\000e\000m\000o\000r\000y\000\040\000a\000s\000\040\000E\000v\000e\000n\000t\000\040\000S\000t\000r\000u\000c\000t\000u\000r\000e}{chapter.20}% 86
\BOOKMARK [0][-]{chapter.21}{\376\377\000R\000e\000p\000a\000i\000r\000\040\000T\000h\000e\000o\000r\000y\000\040\000a\000n\000d\000\040\000C\000i\000v\000i\000l\000i\000z\000a\000t\000i\000o\000n\000a\000l\000\040\000C\000o\000l\000l\000a\000p\000s\000e}{part.8}% 87
\BOOKMARK [1][-]{section.21.1}{\376\377\000R\000e\000p\000a\000i\000r\000\040\000a\000s\000\040\000P\000r\000e\000-\000e\000m\000p\000t\000i\000v\000e\000\040\000R\000e\000f\000u\000s\000a\000l}{chapter.21}% 88
\BOOKMARK [1][-]{section.21.2}{\376\377\000C\000i\000v\000i\000l\000i\000z\000a\000t\000i\000o\000n\000a\000l\000\040\000S\000c\000a\000l\000e}{chapter.21}% 89
\BOOKMARK [-1][-]{part.9}{\376\377\000I\000X\000\040\000O\000p\000e\000n\000\040\000P\000r\000o\000b\000l\000e\000m\000s\000\040\000a\000n\000d\000\040\000F\000u\000t\000u\000r\000e\000\040\000D\000i\000r\000e\000c\000t\000i\000o\000n\000s}{}% 90
\BOOKMARK [0][-]{chapter.22}{\376\377\000T\000h\000e\000\040\000I\000n\000v\000e\000r\000s\000e\000\040\000P\000r\000o\000b\000l\000e\000m\000\040\000a\000n\000d\000\040\000O\000b\000s\000e\000r\000v\000a\000t\000i\000o\000n\000a\000l\000\040\000C\000o\000m\000p\000l\000e\000t\000e\000n\000e\000s\000s}{part.9}% 91
\BOOKMARK [1][-]{section.22.1}{\376\377\000W\000h\000e\000n\000\040\000D\000o\000e\000s\000\040\000O\000b\000s\000e\000r\000v\000a\000t\000i\000o\000n\000a\000l\000\040\000E\000q\000u\000i\000v\000a\000l\000e\000n\000c\000e\000\040\000I\000m\000p\000l\000y\000\040\000H\000i\000s\000t\000o\000r\000y\000\040\000E\000q\000u\000i\000v\000a\000l\000e\000n\000c\000e\000?}{chapter.22}% 92
\BOOKMARK [1][-]{section.22.2}{\376\377\000O\000p\000e\000n\000\040\000P\000r\000o\000b\000l\000e\000m\000s}{chapter.22}% 93
\BOOKMARK [2][-]{subsection.22.2.1}{\376\377\000D\000i\000s\000t\000r\000i\000b\000u\000t\000e\000d\000\040\000S\000p\000h\000e\000r\000e\000p\000o\000p\000\040\000R\000u\000n\000t\000i\000m\000e\000s}{section.22.2}% 94
\BOOKMARK [2][-]{subsection.22.2.2}{\376\377\000C\000o\000l\000l\000a\000p\000s\000e\000\040\000F\000u\000n\000c\000t\000o\000r\000\040\000C\000o\000m\000p\000o\000s\000i\000t\000i\000o\000n}{section.22.2}% 95
\BOOKMARK [2][-]{subsection.22.2.3}{\376\377\000D\000e\000p\000e\000n\000d\000e\000n\000t\000\040\000P\000r\000o\000c\000e\000s\000s\000\040\000T\000y\000p\000e\000s\000\040\000i\000n\000\040\000F\000u\000l\000l\000\040\000G\000e\000n\000e\000r\000a\000l\000i\000t\000y}{section.22.2}% 96
\BOOKMARK [2][-]{subsection.22.2.4}{\376\377\000A\000d\000m\000i\000s\000s\000i\000b\000i\000l\000i\000t\000y\000\040\000L\000a\000t\000t\000i\000c\000e\000\040\000C\000o\000m\000p\000l\000e\000t\000e\000n\000e\000s\000s}{section.22.2}% 97
\BOOKMARK [2][-]{subsection.22.2.5}{\376\377\000P\000r\000o\000o\000f\000-\000C\000a\000r\000r\000y\000i\000n\000g\000\040\000R\000e\000f\000u\000s\000a\000l\000\040\000i\000n\000\040\000F\000u\000l\000l\000\040\000G\000e\000n\000e\000r\000a\000l\000i\000t\000y}{section.22.2}% 98
\BOOKMARK [0][-]{chapter.23}{\376\377\000T\000h\000e\000\040\000C\000o\000d\000a\000:\000\040\000I\000m\000p\000l\000e\000m\000e\000n\000t\000a\000t\000i\000o\000n\000\040\000a\000s\000\040\000P\000h\000i\000l\000o\000s\000o\000p\000h\000i\000c\000a\000l\000\040\000A\000r\000g\000u\000m\000e\000n\000t}{part.9}% 99
\BOOKMARK [-1][-]{part.10}{\376\377\000X\000\040\000T\000h\000e\000\040\000C\000a\000l\000c\000u\000l\000u\000s\000\040\000o\000f\000\040\000C\000o\000n\000s\000t\000r\000u\000c\000t\000i\000o\000n\000s}{}% 100
\BOOKMARK [0][-]{chapter.24}{\376\377\000W\000h\000y\000\040\000S\000p\000h\000e\000r\000e\000p\000o\000p\000\040\000N\000e\000e\000d\000s\000\040\000t\000h\000e\000\040\000C\000a\000l\000c\000u\000l\000u\000s\000\040\000o\000f\000\040\000C\000o\000n\000s\000t\000r\000u\000c\000t\000i\000o\000n\000s}{part.10}% 101
\BOOKMARK [1][-]{section.24.1}{\376\377\000T\000h\000e\000\040\000L\000i\000m\000i\000t\000s\000\040\000o\000f\000\040\000S\000i\000m\000p\000l\000e\000\040\000T\000y\000p\000e\000s}{chapter.24}% 102
\BOOKMARK [1][-]{section.24.2}{\376\377\000T\000h\000e\000\040\000P\000u\000r\000e\000\040\000T\000y\000p\000e\000\040\000S\000y\000s\000t\000e\000m\000\040\000P\000e\000r\000s\000p\000e\000c\000t\000i\000v\000e}{chapter.24}% 103
\BOOKMARK [1][-]{section.24.3}{\376\377\000T\000h\000e\000\040\000S\000p\000h\000e\000r\000e\000p\000o\000p\000-\000C\000o\000C\000\040\000C\000o\000r\000r\000e\000s\000p\000o\000n\000d\000e\000n\000c\000e}{chapter.24}% 104
\BOOKMARK [0][-]{chapter.25}{\376\377\000I\000m\000p\000l\000e\000m\000e\000n\000t\000i\000n\000g\000\040\000C\000o\000C\000\040\000f\000o\000r\000\040\000S\000p\000h\000e\000r\000e\000p\000o\000p}{part.10}% 105
\BOOKMARK [1][-]{section.25.1}{\376\377\000T\000h\000e\000\040\000U\000n\000i\000v\000e\000r\000s\000e\000\040\000H\000i\000e\000r\000a\000r\000c\000h\000y}{chapter.25}% 106
\BOOKMARK [1][-]{section.25.2}{\376\377\000T\000h\000e\000\040\000T\000y\000p\000e\000\040\000C\000h\000e\000c\000k\000e\000r}{chapter.25}% 107
\BOOKMARK [1][-]{section.25.3}{\376\377\000D\000e\000f\000i\000n\000i\000t\000i\000o\000n\000a\000l\000\040\000E\000q\000u\000a\000l\000i\000t\000y\000\040\000a\000n\000d\000\040\000N\000o\000r\000m\000a\000l\000i\000z\000a\000t\000i\000o\000n}{chapter.25}% 108
\BOOKMARK [1][-]{section.25.4}{\376\377\000I\000d\000e\000n\000t\000i\000t\000y\000\040\000T\000y\000p\000e\000s\000\040\000a\000n\000d\000\040\000H\000i\000s\000t\000o\000r\000y\000\040\000E\000q\000u\000a\000l\000i\000t\000y}{chapter.25}% 109
\BOOKMARK [1][-]{section.25.5}{\376\377\000T\000h\000e\000\040\000C\000u\000r\000r\000y\000-\000H\000o\000w\000a\000r\000d\000\040\000C\000o\000r\000r\000e\000s\000p\000o\000n\000d\000e\000n\000c\000e\000\040\000f\000o\000r\000\040\000S\000p\000h\000e\000r\000e\000p\000o\000p}{chapter.25}% 110
\BOOKMARK [-1][-]{part.11}{\376\377\000X\000I\000\040\000T\000h\000e\000\040\000B\000N\000F\000\040\000G\000r\000a\000m\000m\000a\000r\000\040\000a\000s\000\040\000U\000n\000i\000v\000e\000r\000s\000a\000l\000\040\000N\000o\000t\000a\000t\000i\000o\000n}{}% 111
\BOOKMARK [0][-]{chapter.26}{\376\377\000W\000h\000y\000\040\000G\000r\000a\000m\000m\000a\000r\000\040\000B\000e\000a\000t\000s\000\040\000C\000i\000r\000c\000u\000i\000t\000s\000\040\000a\000n\000d\000\040\000C\000o\000d\000e}{part.11}% 112
\BOOKMARK [1][-]{section.26.1}{\376\377\000T\000h\000e\000\040\000P\000r\000o\000b\000l\000e\000m\000\040\000o\000f\000\040\000N\000o\000t\000a\000t\000i\000o\000n}{chapter.26}% 113
\BOOKMARK [1][-]{section.26.2}{\376\377\000A\000\040\000B\000r\000i\000e\000f\000\040\000H\000i\000s\000t\000o\000r\000y\000\040\000o\000f\000\040\000B\000N\000F}{chapter.26}% 114
\BOOKMARK [1][-]{section.26.3}{\376\377\000B\000N\000F\000\040\000V\000e\000r\000s\000u\000s\000\040\000C\000i\000r\000c\000u\000i\000t\000\040\000D\000i\000a\000g\000r\000a\000m\000s}{chapter.26}% 115
\BOOKMARK [2][-]{subsection.26.3.1}{\376\377\000I\000m\000p\000l\000e\000m\000e\000n\000t\000a\000t\000i\000o\000n\000\040\000D\000e\000p\000e\000n\000d\000e\000n\000c\000e}{section.26.3}% 116
\BOOKMARK [2][-]{subsection.26.3.2}{\376\377\000H\000u\000m\000a\000n\000\040\000R\000e\000a\000d\000a\000b\000i\000l\000i\000t\000y}{section.26.3}% 117
\BOOKMARK [2][-]{subsection.26.3.3}{\376\377\000C\000o\000m\000p\000o\000s\000i\000t\000i\000o\000n\000a\000l\000\040\000S\000t\000r\000u\000c\000t\000u\000r\000e}{section.26.3}% 118
\BOOKMARK [1][-]{section.26.4}{\376\377\000B\000N\000F\000\040\000V\000e\000r\000s\000u\000s\000\040\000P\000r\000o\000g\000r\000a\000m\000m\000i\000n\000g\000\040\000L\000a\000n\000g\000u\000a\000g\000e\000\040\000S\000y\000n\000t\000a\000x}{chapter.26}% 119
\BOOKMARK [2][-]{subsection.26.4.1}{\376\377\000A\000m\000b\000i\000g\000u\000i\000t\000y\000\040\000i\000s\000\040\000D\000e\000t\000e\000c\000t\000a\000b\000l\000e}{section.26.4}% 120
\BOOKMARK [2][-]{subsection.26.4.2}{\376\377\000S\000e\000p\000a\000r\000a\000t\000i\000o\000n\000\040\000o\000f\000\040\000C\000o\000n\000c\000e\000r\000n\000s}{section.26.4}% 121
\BOOKMARK [2][-]{subsection.26.4.3}{\376\377\000F\000o\000r\000m\000a\000l\000\040\000V\000e\000r\000i\000f\000i\000c\000a\000t\000i\000o\000n\000\040\000T\000a\000r\000g\000e\000t}{section.26.4}% 122
\BOOKMARK [1][-]{section.26.5}{\376\377\000T\000h\000e\000\040\000S\000p\000h\000e\000r\000e\000p\000o\000p\000\040\000B\000N\000F\000\040\000a\000s\000\040\000C\000o\000m\000p\000u\000t\000a\000t\000i\000o\000n\000a\000l\000\040\000U\000n\000i\000v\000e\000r\000s\000a\000l}{chapter.26}% 123
\BOOKMARK [2][-]{subsection.26.5.1}{\376\377\000G\000r\000a\000m\000m\000a\000r\000\040\000a\000s\000\040\000I\000n\000t\000e\000r\000f\000a\000c\000e\000\040\000C\000o\000n\000t\000r\000a\000c\000t}{section.26.5}% 124
\BOOKMARK [1][-]{section.26.6}{\376\377\000B\000N\000F\000\040\000a\000s\000\040\000A\000n\000t\000i\000-\000C\000o\000l\000l\000a\000p\000s\000e\000\040\000A\000r\000t\000i\000f\000a\000c\000t}{chapter.26}% 125
\BOOKMARK [0][-]{chapter.27}{\376\377\000G\000r\000a\000m\000m\000a\000r\000,\000\040\000C\000i\000r\000c\000u\000i\000t\000s\000,\000\040\000a\000n\000d\000\040\000t\000h\000e\000\040\000E\000f\000f\000i\000c\000i\000e\000n\000c\000y\000\040\000H\000i\000e\000r\000a\000r\000c\000h\000y}{part.11}% 126
\BOOKMARK [1][-]{section.27.1}{\376\377\000M\000e\000a\000s\000u\000r\000i\000n\000g\000\040\000E\000x\000p\000r\000e\000s\000s\000i\000v\000e\000n\000e\000s\000s\000\040\000P\000e\000r\000\040\000S\000y\000m\000b\000o\000l}{chapter.27}% 127
\BOOKMARK [1][-]{section.27.2}{\376\377\000T\000h\000e\000\040\000R\000e\000a\000d\000a\000b\000i\000l\000i\000t\000y\000\040\000S\000p\000e\000c\000t\000r\000u\000m}{chapter.27}% 128
\BOOKMARK [1][-]{section.27.3}{\376\377\000G\000r\000a\000m\000m\000a\000r\000\040\000a\000s\000\040\000t\000h\000e\000\040\000M\000i\000s\000s\000i\000n\000g\000\040\000L\000e\000v\000e\000l\000\040\000o\000f\000\040\000A\000b\000s\000t\000r\000a\000c\000t\000i\000o\000n}{chapter.27}% 129
\BOOKMARK [1][-]{section.27.4}{\376\377\000L\000i\000t\000e\000r\000a\000t\000e\000\040\000G\000r\000a\000m\000m\000a\000r\000\040\000a\000n\000d\000\040\000D\000o\000c\000u\000m\000e\000n\000t\000a\000t\000i\000o\000n}{chapter.27}% 130
\BOOKMARK [-1][-]{part.12}{\376\377\000X\000I\000I\000\040\000S\000u\000p\000p\000l\000e\000m\000e\000n\000t\000a\000r\000y\000\040\000D\000e\000r\000i\000v\000a\000t\000i\000o\000n\000s}{}% 131
\BOOKMARK [0][-]{chapter.28}{\376\377\000D\000e\000r\000i\000v\000a\000t\000i\000o\000n\000\040\000C\000o\000m\000p\000e\000n\000d\000i\000u\000m}{part.12}% 132
\BOOKMARK [1][-]{section.28.1}{\376\377\000C\000h\000a\000p\000t\000e\000r\000\040\0001\000:\000\040\000N\000o\000t\000e\000s\000\040\000I\000n\000c\000r\000e\000a\000s\000e\000\040\000R\000e\000a\000c\000h\000a\000b\000i\000l\000i\000t\000y}{chapter.28}% 133
\BOOKMARK [1][-]{section.28.2}{\376\377\000C\000h\000a\000p\000t\000e\000r\000\040\0002\000:\000\040\000S\000t\000a\000t\000e\000\040\000a\000s\000\040\000Q\000u\000o\000t\000i\000e\000n\000t}{chapter.28}% 134
\BOOKMARK [1][-]{section.28.3}{\376\377\000C\000h\000a\000p\000t\000e\000r\000\040\0003\000:\000\040\000O\000p\000e\000r\000a\000t\000o\000r\000\040\000M\000i\000n\000i\000m\000a\000l\000i\000t\000y}{chapter.28}% 135
\BOOKMARK [1][-]{section.28.4}{\376\377\000C\000h\000a\000p\000t\000e\000r\000\040\0004\000:\000\040\000F\000r\000e\000e\000\040\000C\000a\000t\000e\000g\000o\000r\000y}{chapter.28}% 136
\BOOKMARK [1][-]{section.28.5}{\376\377\000C\000h\000a\000p\000t\000e\000r\000\040\0005\000:\000\040\000S\000m\000a\000l\000l\000-\000S\000t\000e\000p\000\040\000D\000e\000t\000e\000r\000m\000i\000n\000a\000c\000y}{chapter.28}% 137
\BOOKMARK [1][-]{section.28.6}{\376\377\000C\000h\000a\000p\000t\000e\000r\000\040\0006\000:\000\040\000C\000o\000l\000l\000a\000p\000s\000e\000\040\000E\000n\000t\000r\000o\000p\000y\000\040\000M\000o\000n\000o\000t\000o\000n\000i\000c\000i\000t\000y}{chapter.28}% 138
\BOOKMARK [1][-]{section.28.7}{\376\377\000C\000h\000a\000p\000t\000e\000r\000\040\0007\000:\000\040\000T\000y\000p\000e\000\040\000S\000o\000u\000n\000d\000n\000e\000s\000s}{chapter.28}% 139
\BOOKMARK [1][-]{section.28.8}{\376\377\000C\000h\000a\000p\000t\000e\000r\000\040\0008\000:\000\040\000L\000a\000t\000t\000i\000c\000e\000\040\000C\000o\000l\000l\000a\000p\000s\000e\000\040\000T\000h\000r\000e\000s\000h\000o\000l\000d}{chapter.28}% 140
\BOOKMARK [1][-]{section.28.9}{\376\377\000N\000o\000t\000e\000\040\000C\000o\000m\000p\000o\000s\000i\000t\000i\000o\000n\000\040\000T\000h\000e\000o\000r\000y}{chapter.28}% 141
\BOOKMARK [1][-]{section.28.10}{\376\377\000N\000o\000t\000e\000\040\000C\000l\000a\000s\000s\000\040\000D\000e\000r\000i\000v\000a\000t\000i\000o\000n\000s}{chapter.28}% 142
\BOOKMARK [1][-]{section.28.11}{\376\377\000C\000o\000m\000p\000i\000l\000a\000t\000i\000o\000n\000\040\000a\000n\000d\000\040\000G\000C\000\040\000D\000e\000r\000i\000v\000a\000t\000i\000o\000n\000s}{chapter.28}% 143
\BOOKMARK [1][-]{section.28.12}{\376\377\000E\000r\000r\000o\000r\000\040\000C\000o\000r\000r\000e\000c\000t\000i\000o\000n\000\040\000D\000e\000r\000i\000v\000a\000t\000i\000o\000n}{chapter.28}% 144
\BOOKMARK [1][-]{section.28.13}{\376\377\000C\000a\000t\000e\000g\000o\000r\000y\000\040\000T\000h\000e\000o\000r\000y\000\040\000D\000e\000r\000i\000v\000a\000t\000i\000o\000n\000s}{chapter.28}% 145
\BOOKMARK [1][-]{section.28.14}{\376\377\000S\000h\000e\000a\000f\000\040\000D\000e\000r\000i\000v\000a\000t\000i\000o\000n\000s}{chapter.28}% 146
\BOOKMARK [1][-]{section.28.15}{\376\377\000C\000L\000I\000O\000\040\000D\000e\000r\000i\000v\000a\000t\000i\000o\000n}{chapter.28}% 147
\BOOKMARK [1][-]{section.28.16}{\376\377\000A\000c\000t\000i\000v\000e\000\040\000G\000e\000o\000d\000e\000s\000i\000c\000\040\000D\000e\000r\000i\000v\000a\000t\000i\000o\000n}{chapter.28}% 148
\BOOKMARK [1][-]{section.28.17}{\376\377\000M\000E\000M\000|\0008\000\040\000L\000o\000c\000a\000l\000i\000t\000y\000\040\000D\000e\000r\000i\000v\000a\000t\000i\000o\000n}{chapter.28}% 149
\BOOKMARK [1][-]{section.28.18}{\376\377\000C\000i\000v\000i\000l\000i\000z\000a\000t\000i\000o\000n\000a\000l\000\040\000C\000o\000l\000l\000a\000p\000s\000e\000\040\000D\000e\000r\000i\000v\000a\000t\000i\000o\000n}{chapter.28}% 150
\BOOKMARK [1][-]{section.28.19}{\376\377\000I\000n\000v\000e\000r\000s\000e\000\040\000P\000r\000o\000b\000l\000e\000m\000\040\000D\000e\000r\000i\000v\000a\000t\000i\000o\000n}{chapter.28}% 151
\BOOKMARK [1][-]{section.28.20}{\376\377\000F\000i\000n\000a\000l\000\040\000U\000n\000i\000f\000i\000c\000a\000t\000i\000o\000n\000\040\000T\000h\000e\000o\000r\000e\000m}{chapter.28}% 152
