\BOOKMARK [1][-]{section.1}{\376\377\000I\000n\000t\000r\000o\000d\000u\000c\000t\000i\000o\000n}{}% 1
\BOOKMARK [1][-]{section.2}{\376\377\000R\000S\000V\000P\000:\000\040\000T\000h\000e\000\040\000S\000u\000b\000s\000t\000r\000a\000t\000e\000\040\000a\000s\000\040\000D\000y\000n\000a\000m\000i\000c\000\040\000A\000d\000m\000i\000s\000s\000i\000b\000i\000l\000i\000t\000y\000\040\000F\000i\000e\000l\000d}{}% 2
\BOOKMARK [2][-]{subsection.2.1}{\376\377\000T\000h\000e\000\040\000R\000S\000V\000P\000\040\000F\000i\000e\000l\000d\000\040\000O\000n\000t\000o\000l\000o\000g\000y}{section.2}% 3
\BOOKMARK [2][-]{subsection.2.2}{\376\377\000C\000o\000u\000p\000l\000e\000d\000\040\000F\000i\000e\000l\000d\000\040\000E\000q\000u\000a\000t\000i\000o\000n\000s}{section.2}% 4
\BOOKMARK [2][-]{subsection.2.3}{\376\377\000D\000y\000n\000a\000m\000i\000c\000\040\000A\000d\000m\000i\000s\000s\000i\000b\000i\000l\000i\000t\000y}{section.2}% 5
\BOOKMARK [1][-]{section.3}{\376\377\000P\000r\000o\000j\000e\000c\000t\000i\000o\000n\000,\000\040\000D\000i\000s\000t\000o\000r\000t\000i\000o\000n\000,\000\040\000a\000n\000d\000\040\000C\000o\000l\000l\000a\000p\000s\000e}{}% 6
\BOOKMARK [2][-]{subsection.3.1}{\376\377\000T\000h\000e\000\040\000P\000r\000o\000j\000e\000c\000t\000i\000o\000n\000\040\000P\000r\000o\000b\000l\000e\000m}{section.3}% 7
\BOOKMARK [2][-]{subsection.3.2}{\376\377\000T\000h\000e\000\040\000F\000u\000l\000l\000\040\000S\000t\000a\000t\000e\000\040\000a\000n\000d\000\040\000I\000t\000s\000\040\000P\000r\000o\000j\000e\000c\000t\000i\000o\000n}{section.3}% 8
\BOOKMARK [2][-]{subsection.3.3}{\376\377\000T\000h\000e\000\040\000M\000P\000S\000\040\000P\000r\000o\000j\000e\000c\000t\000i\000o\000n\000:\000\040\000A\000\040\000L\000a\000b\000o\000r\000a\000t\000o\000r\000y\000\040\000C\000o\000n\000f\000i\000r\000m\000a\000t\000i\000o\000n}{section.3}% 9
\BOOKMARK [2][-]{subsection.3.4}{\376\377\000T\000w\000o\000\040\000M\000e\000c\000h\000a\000n\000i\000s\000m\000s\000\040\000o\000f\000\040\000P\000r\000o\000j\000e\000c\000t\000i\000o\000n\000\040\000R\000e\000p\000a\000i\000r}{section.3}% 10
\BOOKMARK [2][-]{subsection.3.5}{\376\377\000W\000h\000y\000\040\000S\000t\000a\000n\000d\000a\000r\000d\000\040\000M\000o\000d\000e\000l\000s\000\040\000M\000i\000s\000s\000\040\000S\000u\000b\000s\000t\000r\000a\000t\000e\000\040\000D\000e\000g\000r\000e\000e\000s\000\040\000o\000f\000\040\000F\000r\000e\000e\000d\000o\000m}{section.3}% 11
\BOOKMARK [2][-]{subsection.3.6}{\376\377\000O\000b\000j\000e\000c\000t\000s\000\040\000a\000s\000\040\000C\000o\000l\000l\000a\000p\000s\000e\000d\000\040\000P\000r\000o\000c\000e\000s\000s\000\040\000H\000i\000s\000t\000o\000r\000i\000e\000s}{section.3}% 12
\BOOKMARK [1][-]{section.4}{\376\377\000I\000m\000p\000l\000i\000c\000a\000t\000i\000o\000n\000s\000\040\000a\000n\000d\000\040\000A\000p\000p\000l\000i\000c\000a\000t\000i\000o\000n\000s}{}% 13
\BOOKMARK [2][-]{subsection.4.1}{\376\377\000L\000a\000n\000g\000u\000a\000g\000e}{section.4}% 14
\BOOKMARK [2][-]{subsection.4.2}{\376\377\000S\000c\000i\000e\000n\000t\000i\000f\000i\000c\000\040\000P\000a\000r\000a\000d\000i\000g\000m\000s}{section.4}% 15
\BOOKMARK [2][-]{subsection.4.3}{\376\377\000I\000n\000s\000t\000i\000t\000u\000t\000i\000o\000n\000s}{section.4}% 16
\BOOKMARK [2][-]{subsection.4.4}{\376\377\000E\000c\000o\000n\000o\000m\000i\000e\000s}{section.4}% 17
\BOOKMARK [2][-]{subsection.4.5}{\376\377\000S\000o\000f\000t\000w\000a\000r\000e\000\040\000S\000y\000s\000t\000e\000m\000s}{section.4}% 18
\BOOKMARK [2][-]{subsection.4.6}{\376\377\000Q\000u\000a\000n\000t\000u\000m\000\040\000M\000a\000n\000y\000-\000B\000o\000d\000y\000\040\000S\000y\000s\000t\000e\000m\000s}{section.4}% 19
\BOOKMARK [2][-]{subsection.4.7}{\376\377\000D\000e\000e\000p\000\040\000N\000e\000t\000w\000o\000r\000k\000\040\000H\000i\000e\000r\000a\000r\000c\000h\000i\000e\000s}{section.4}% 20
\BOOKMARK [2][-]{subsection.4.8}{\376\377\000T\000h\000e\000\040\000G\000e\000n\000e\000r\000a\000l\000\040\000P\000a\000t\000t\000e\000r\000n}{section.4}% 21
\BOOKMARK [2][-]{subsection.4.9}{\376\377\000T\000h\000e\000\040\000F\000r\000o\000z\000e\000n\000-\000P\000r\000o\000c\000e\000s\000s\000\040\000C\000o\000n\000n\000e\000c\000t\000i\000o\000n}{section.4}% 22
\BOOKMARK [2][-]{subsection.4.10}{\376\377\000M\000e\000m\000o\000r\000y\000,\000\040\000T\000r\000a\000j\000e\000c\000t\000o\000r\000y\000\040\000S\000t\000a\000b\000i\000l\000i\000z\000a\000t\000i\000o\000n\000,\000\040\000a\000n\000d\000\040\000t\000h\000e\000\040\000H\000i\000s\000t\000o\000r\000y\000\040\000E\000n\000c\000o\000d\000e\000d\000\040\000i\000n\000\040\000C\000o\000n\000s\000t\000r\000a\000i\000n\000t\000\040\000G\000e\000o\000m\000e\000t\000r\000y}{section.4}% 23
\BOOKMARK [2][-]{subsection.4.11}{\376\377\000C\000a\000t\000a\000s\000t\000r\000o\000p\000h\000i\000c\000\040\000F\000o\000r\000g\000e\000t\000t\000i\000n\000g\000\040\000i\000n\000\040\000N\000e\000u\000r\000a\000l\000\040\000N\000e\000t\000w\000o\000r\000k\000s}{section.4}% 24
\BOOKMARK [2][-]{subsection.4.12}{\376\377\000I\000n\000s\000t\000i\000t\000u\000t\000i\000o\000n\000a\000l\000\040\000P\000a\000t\000h\000\040\000D\000e\000p\000e\000n\000d\000e\000n\000c\000e\000\040\000a\000s\000\040\000G\000e\000o\000m\000e\000t\000r\000i\000c\000\040\000N\000e\000c\000e\000s\000s\000i\000t\000y}{section.4}% 25
\BOOKMARK [2][-]{subsection.4.13}{\376\377\000S\000l\000e\000e\000p\000\040\000a\000s\000\040\000S\000u\000b\000s\000t\000r\000a\000t\000e\000\040\000M\000a\000i\000n\000t\000e\000n\000a\000n\000c\000e}{section.4}% 26
\BOOKMARK [2][-]{subsection.4.14}{\376\377\000T\000h\000e\000\040\000P\000h\000e\000n\000o\000m\000e\000n\000o\000l\000o\000g\000y\000\040\000o\000f\000\040\000L\000e\000a\000r\000n\000i\000n\000g}{section.4}% 27
\BOOKMARK [1][-]{section.5}{\376\377\000C\000o\000n\000c\000l\000u\000s\000i\000o\000n}{}% 28
\BOOKMARK [1][-]{appendix.A}{\376\377\000F\000o\000r\000m\000a\000l\000\040\000G\000r\000a\000m\000m\000a\000r\000s\000\040\000o\000f\000\040\000t\000h\000e\000\040\000T\000h\000r\000e\000e\000\040\000F\000r\000a\000m\000e\000w\000o\000r\000k\000s\000\040\000a\000n\000d\000\040\000T\000h\000e\000i\000r\000\040\000S\000y\000n\000t\000h\000e\000s\000i\000s}{}% 29
\BOOKMARK [1][-]{appendix.B}{\376\377\000T\000h\000e\000\040\000F\000r\000o\000z\000e\000n\000-\000M\000a\000n\000i\000f\000o\000l\000d\000\040\000A\000p\000p\000r\000o\000x\000i\000m\000a\000t\000i\000o\000n\000\040\000a\000n\000d\000\040\000I\000t\000s\000\040\000L\000i\000m\000i\000t\000s}{}% 30
\BOOKMARK [1][-]{appendix.C}{\376\377\000D\000y\000n\000a\000m\000i\000c\000\040\000R\000e\000a\000c\000h\000a\000b\000i\000l\000i\000t\000y\000\040\000G\000e\000o\000m\000e\000t\000r\000y}{}% 31
\BOOKMARK [1][-]{appendix.D}{\376\377\000C\000o\000n\000c\000r\000e\000t\000e\000\040\000R\000e\000a\000l\000i\000z\000a\000t\000i\000o\000n\000s\000\040\000o\000f\000\040\000A\000d\000m\000i\000s\000s\000i\000b\000i\000l\000i\000t\000y\000\040\000D\000i\000s\000t\000o\000r\000t\000i\000o\000n}{}% 32
\BOOKMARK [1][-]{appendix.E}{\376\377\000C\000a\000t\000e\000g\000o\000r\000y\000-\000T\000h\000e\000o\000r\000e\000t\000i\000c\000\040\000F\000o\000r\000m\000u\000l\000a\000t\000i\000o\000n}{}% 33
\BOOKMARK [1][-]{appendix.F}{\376\377\000R\000e\000l\000a\000t\000i\000o\000n\000\040\000t\000o\000\040\000M\000a\000r\000k\000o\000v\000\040\000B\000l\000a\000n\000k\000e\000t\000s}{}% 34
\BOOKMARK [1][-]{appendix.G}{\376\377\000S\000u\000b\000s\000t\000r\000a\000t\000e\000\040\000M\000e\000m\000o\000r\000y\000\040\000W\000i\000t\000h\000o\000u\000t\000\040\000E\000x\000p\000l\000i\000c\000i\000t\000\040\000S\000t\000o\000r\000a\000g\000e}{}% 35
\BOOKMARK [1][-]{theorem.G.3}{\376\377\000A\000p\000p\000e\000n\000d\000i\000x\000\040\000G\000:\000\040\000N\000o\000t\000a\000t\000i\000o\000n\000\040\000a\000n\000d\000\040\000S\000y\000m\000b\000o\000l\000\040\000G\000l\000o\000s\000s\000a\000r\000y}{}% 36
