\BOOKMARK [0][-]{part.1}{\376\377\000I\000\040\000I\000n\000d\000i\000v\000i\000d\000u\000a\000l\000\040\000F\000r\000i\000c\000t\000i\000o\000n\000:\000\040\000P\000h\000e\000n\000o\000m\000e\000n\000o\000l\000o\000g\000y\000\040\000a\000n\000d\000\040\000F\000o\000r\000m\000a\000l\000\040\000F\000o\000u\000n\000d\000a\000t\000i\000o\000n\000s}{}% 1
\BOOKMARK [1][-]{section.1}{\376\377\000I\000n\000t\000r\000o\000d\000u\000c\000t\000i\000o\000n\000:\000\040\000T\000h\000e\000\040\000S\000m\000o\000o\000t\000h\000n\000e\000s\000s\000\040\000O\000p\000t\000i\000m\000u\000m\000\040\000a\000n\000d\000\040\000I\000t\000s\000\040\000C\000o\000s\000t\000s}{part.1}% 2
\BOOKMARK [1][-]{section.2}{\376\377\000T\000h\000e\000\040\000P\000h\000e\000n\000o\000m\000e\000n\000o\000l\000o\000g\000y\000\040\000o\000f\000\040\000B\000o\000u\000n\000d\000e\000d\000\040\000D\000i\000f\000f\000i\000c\000u\000l\000t\000y}{part.1}% 3
\BOOKMARK [2][-]{subsection.2.1}{\376\377\000T\000h\000e\000\040\000C\000o\000m\000f\000o\000r\000t\000\040\000T\000r\000a\000p}{section.2}% 4
\BOOKMARK [2][-]{subsection.2.2}{\376\377\000L\000a\000n\000g\000u\000a\000g\000e\000\040\000I\000m\000m\000e\000r\000s\000i\000o\000n\000\040\000a\000s\000\040\000S\000t\000r\000u\000c\000t\000u\000r\000e\000d\000\040\000S\000t\000r\000a\000i\000n}{section.2}% 5
\BOOKMARK [2][-]{subsection.2.3}{\376\377\000D\000i\000s\000t\000r\000i\000b\000u\000t\000i\000o\000n\000a\000l\000\040\000S\000h\000i\000f\000t\000\040\000a\000n\000d\000\040\000S\000t\000a\000g\000e\000d\000\040\000A\000m\000b\000i\000g\000u\000i\000t\000y}{section.2}% 6
\BOOKMARK [2][-]{subsection.2.4}{\376\377\000P\000o\000s\000i\000t\000i\000v\000e\000\040\000I\000g\000n\000o\000r\000a\000n\000c\000e\000\040\000a\000n\000d\000\040\000O\000p\000e\000r\000a\000t\000i\000o\000n\000a\000l\000\040\000P\000r\000o\000v\000i\000s\000i\000o\000n\000a\000l\000i\000t\000y}{section.2}% 7
\BOOKMARK [2][-]{subsection.2.5}{\376\377\000D\000e\000l\000a\000y\000e\000d\000\040\000A\000u\000t\000o\000m\000a\000t\000i\000o\000n\000\040\000a\000n\000d\000\040\000P\000r\000e\000m\000a\000t\000u\000r\000e\000\040\000C\000o\000m\000p\000r\000e\000s\000s\000i\000o\000n}{section.2}% 8
\BOOKMARK [2][-]{subsection.2.6}{\376\377\000T\000h\000e\000\040\000D\000o\000s\000a\000g\000e\000\040\000P\000r\000i\000n\000c\000i\000p\000l\000e}{section.2}% 9
\BOOKMARK [0][-]{part.2}{\376\377\000I\000I\000\040\000F\000o\000r\000m\000a\000l\000\040\000M\000o\000d\000e\000l\000s\000\040\000o\000f\000\040\000I\000n\000o\000c\000u\000l\000a\000t\000i\000o\000n}{}% 10
\BOOKMARK [1][-]{section.3}{\376\377\000F\000r\000o\000m\000\040\000P\000r\000a\000c\000t\000i\000c\000e\000\040\000t\000o\000\040\000F\000o\000r\000m\000a\000l\000\040\000S\000t\000r\000u\000c\000t\000u\000r\000e}{part.2}% 11
\BOOKMARK [1][-]{section.4}{\376\377\000N\000u\000l\000l\000\040\000C\000o\000n\000v\000e\000n\000t\000i\000o\000n\000\040\000L\000o\000g\000i\000c\000\040\000a\000n\000d\000\040\000t\000h\000e\000\040\000F\000o\000r\000m\000a\000l\000\040\000S\000t\000r\000u\000c\000t\000u\000r\000e\000\040\000o\000f\000\040\000I\000n\000c\000o\000m\000p\000l\000e\000t\000e\000n\000e\000s\000s}{part.2}% 12
\BOOKMARK [2][-]{subsection.4.1}{\376\377\000T\000e\000r\000n\000a\000r\000y\000\040\000S\000i\000g\000n\000a\000l\000\040\000A\000l\000g\000e\000b\000r\000a}{section.4}% 13
\BOOKMARK [2][-]{subsection.4.2}{\376\377\000D\000e\000l\000a\000y\000-\000I\000n\000s\000e\000n\000s\000i\000t\000i\000v\000e\000\040\000G\000a\000t\000e\000\040\000S\000e\000m\000a\000n\000t\000i\000c\000s}{section.4}% 14
\BOOKMARK [2][-]{subsection.4.3}{\376\377\000N\000e\000s\000t\000e\000d\000\040\000S\000c\000o\000p\000e\000\040\000R\000e\000s\000o\000l\000u\000t\000i\000o\000n\000\040\000a\000n\000d\000\040\000t\000h\000e\000\040\000P\000o\000p\000\040\000O\000p\000e\000r\000a\000t\000i\000o\000n}{section.4}% 15
\BOOKMARK [2][-]{subsection.4.4}{\376\377\000P\000r\000e\000m\000a\000t\000u\000r\000e\000\040\000C\000o\000l\000l\000a\000p\000s\000e\000\040\000a\000s\000\040\000S\000t\000r\000u\000c\000t\000u\000r\000a\000l\000\040\000I\000n\000c\000o\000h\000e\000r\000e\000n\000c\000e}{section.4}% 16
\BOOKMARK [2][-]{subsection.4.5}{\376\377\000T\000h\000e\000\040\000B\000o\000u\000n\000d\000e\000d\000\040\000N\000u\000l\000l\000\040\000E\000x\000p\000o\000s\000u\000r\000e\000\040\000O\000p\000e\000r\000a\000t\000o\000r}{section.4}% 17
\BOOKMARK [2][-]{subsection.4.6}{\376\377\000T\000h\000e\000\040\000N\000u\000l\000l\000\040\000I\000n\000o\000c\000u\000l\000a\000t\000i\000o\000n\000\040\000P\000r\000i\000n\000c\000i\000p\000l\000e}{section.4}% 18
\BOOKMARK [2][-]{subsection.4.7}{\376\377\000C\000o\000g\000n\000i\000t\000i\000v\000e\000\040\000C\000o\000r\000r\000e\000s\000p\000o\000n\000d\000e\000n\000c\000e}{section.4}% 19
\BOOKMARK [1][-]{section.5}{\376\377\000T\000h\000e\000r\000m\000o\000d\000y\000n\000a\000m\000i\000c\000,\000\040\000G\000e\000o\000m\000e\000t\000r\000i\000c\000,\000\040\000a\000n\000d\000\040\000D\000y\000n\000a\000m\000i\000c\000a\000l\000\040\000F\000o\000u\000n\000d\000a\000t\000i\000o\000n\000s}{part.2}% 20
\BOOKMARK [2][-]{subsection.5.1}{\376\377\000V\000a\000r\000i\000a\000t\000i\000o\000n\000a\000l\000\040\000F\000r\000e\000e\000\040\000E\000n\000e\000r\000g\000y\000\040\000a\000n\000d\000\040\000N\000u\000l\000l\000\040\000P\000r\000e\000s\000e\000r\000v\000a\000t\000i\000o\000n}{section.5}% 21
\BOOKMARK [2][-]{subsection.5.2}{\376\377\000G\000e\000o\000m\000e\000t\000r\000i\000c\000\040\000B\000a\000y\000e\000s\000i\000a\000n\000i\000s\000m\000\040\000a\000n\000d\000\040\000t\000h\000e\000\040\000E\000m\000e\000r\000g\000e\000n\000c\000e\000\040\000o\000f\000\040\000S\000p\000a\000r\000s\000i\000t\000y}{section.5}% 22
\BOOKMARK [2][-]{subsection.5.3}{\376\377\000M\000e\000t\000a\000s\000t\000a\000b\000i\000l\000i\000t\000y\000,\000\040\000C\000r\000i\000t\000i\000c\000a\000l\000i\000t\000y\000,\000\040\000a\000n\000d\000\040\000t\000h\000e\000\040\000N\000u\000l\000l\000\040\000B\000a\000n\000d}{section.5}% 23
\BOOKMARK [2][-]{subsection.5.4}{\376\377\000U\000n\000i\000f\000i\000e\000d\000\040\000I\000n\000t\000e\000r\000p\000r\000e\000t\000a\000t\000i\000o\000n}{section.5}% 24
\BOOKMARK [1][-]{section.6}{\376\377\000I\000n\000v\000a\000r\000i\000a\000n\000t\000\040\000A\000c\000r\000o\000s\000s\000\040\000R\000e\000p\000r\000e\000s\000e\000n\000t\000a\000t\000i\000o\000n\000s}{part.2}% 25
\BOOKMARK [1][-]{section.7}{\376\377\000I\000n\000f\000o\000r\000m\000a\000t\000i\000o\000n\000-\000T\000h\000e\000o\000r\000e\000t\000i\000c\000\040\000B\000o\000u\000n\000d\000s\000\040\000o\000n\000\040\000P\000r\000e\000m\000a\000t\000u\000r\000e\000\040\000C\000o\000l\000l\000a\000p\000s\000e}{part.2}% 26
\BOOKMARK [1][-]{section.8}{\376\377\000S\000p\000e\000c\000t\000r\000a\000l\000\040\000S\000t\000a\000b\000i\000l\000i\000t\000y\000\040\000a\000n\000d\000\040\000B\000a\000s\000i\000n\000\040\000E\000n\000l\000a\000r\000g\000e\000m\000e\000n\000t}{part.2}% 27
\BOOKMARK [1][-]{section.9}{\376\377\000S\000c\000a\000l\000i\000n\000g\000\040\000t\000h\000e\000\040\000L\000a\000w}{part.2}% 28
\BOOKMARK [1][-]{section.10}{\376\377\000I\000n\000s\000t\000i\000t\000u\000t\000i\000o\000n\000a\000l\000\040\000D\000e\000s\000i\000g\000n\000\040\000a\000s\000\040\000N\000u\000l\000l\000\040\000M\000a\000i\000n\000t\000e\000n\000a\000n\000c\000e\000\040\000U\000n\000d\000e\000r\000\040\000A\000d\000v\000e\000r\000s\000a\000r\000i\000a\000l\000\040\000P\000r\000e\000s\000s\000u\000r\000e}{part.2}% 29
\BOOKMARK [2][-]{subsection.10.1}{\376\377\000P\000r\000e\000m\000a\000t\000u\000r\000e\000\040\000S\000m\000o\000o\000t\000h\000n\000e\000s\000s\000\040\000a\000n\000d\000\040\000S\000t\000r\000u\000c\000t\000u\000r\000a\000l\000\040\000F\000r\000a\000g\000i\000l\000i\000t\000y}{section.10}% 30
\BOOKMARK [2][-]{subsection.10.2}{\376\377\000F\000o\000r\000m\000a\000l\000\040\000G\000o\000v\000e\000r\000n\000a\000n\000c\000e\000\040\000M\000o\000d\000e\000l}{section.10}% 31
\BOOKMARK [1][-]{section.11}{\376\377\000A\000d\000v\000e\000r\000s\000a\000r\000i\000a\000l\000\040\000N\000u\000l\000l\000\040\000E\000x\000p\000l\000o\000i\000t\000a\000t\000i\000o\000n\000\040\000a\000n\000d\000\040\000D\000e\000f\000e\000n\000s\000i\000v\000e\000\040\000D\000e\000s\000i\000g\000n}{part.2}% 32
\BOOKMARK [1][-]{section.12}{\376\377\000D\000i\000s\000t\000r\000i\000b\000u\000t\000e\000d\000\040\000V\000e\000r\000s\000u\000s\000\040\000C\000e\000n\000t\000r\000a\000l\000i\000z\000e\000d\000\040\000C\000o\000m\000p\000e\000t\000e\000n\000c\000e}{part.2}% 33
\BOOKMARK [1][-]{section.13}{\376\377\000E\000q\000u\000i\000v\000a\000l\000e\000n\000c\000e\000\040\000o\000f\000\040\000F\000r\000e\000e\000\040\000E\000n\000e\000r\000g\000y\000\040\000C\000u\000r\000v\000a\000t\000u\000r\000e\000\040\000a\000n\000d\000\040\000D\000y\000n\000a\000m\000i\000c\000a\000l\000\040\000S\000t\000a\000b\000i\000l\000i\000t\000y}{part.2}% 34
\BOOKMARK [2][-]{subsection.13.1}{\376\377\000G\000r\000a\000d\000i\000e\000n\000t\000\040\000F\000l\000o\000w\000\040\000o\000f\000\040\000V\000a\000r\000i\000a\000t\000i\000o\000n\000a\000l\000\040\000F\000r\000e\000e\000\040\000E\000n\000e\000r\000g\000y}{section.13}% 35
\BOOKMARK [2][-]{subsection.13.2}{\376\377\000L\000i\000n\000e\000a\000r\000i\000z\000a\000t\000i\000o\000n\000\040\000N\000e\000a\000r\000\040\000E\000q\000u\000i\000l\000i\000b\000r\000i\000u\000m}{section.13}% 36
\BOOKMARK [2][-]{subsection.13.3}{\376\377\000S\000p\000e\000c\000t\000r\000a\000l\000\040\000E\000q\000u\000i\000v\000a\000l\000e\000n\000c\000e}{section.13}% 37
\BOOKMARK [2][-]{subsection.13.4}{\376\377\000E\000f\000f\000e\000c\000t\000\040\000o\000f\000\040\000B\000o\000u\000n\000d\000e\000d\000\040\000N\000u\000l\000l\000\040\000E\000x\000p\000o\000s\000u\000r\000e}{section.13}% 38
\BOOKMARK [2][-]{subsection.13.5}{\376\377\000U\000n\000i\000f\000i\000e\000d\000\040\000I\000n\000t\000e\000r\000p\000r\000e\000t\000a\000t\000i\000o\000n}{section.13}% 39
\BOOKMARK [1][-]{section.14}{\376\377\000N\000a\000t\000u\000r\000a\000l\000\040\000G\000r\000a\000d\000i\000e\000n\000t\000\040\000F\000l\000o\000w\000\040\000a\000n\000d\000\040\000I\000n\000f\000o\000r\000m\000a\000t\000i\000o\000n\000-\000G\000e\000o\000m\000e\000t\000r\000i\000c\000\040\000S\000t\000a\000b\000i\000l\000i\000t\000y}{part.2}% 40
\BOOKMARK [2][-]{subsection.14.1}{\376\377\000R\000i\000e\000m\000a\000n\000n\000i\000a\000n\000\040\000S\000e\000t\000u\000p\000\040\000a\000n\000d\000\040\000N\000a\000t\000u\000r\000a\000l\000\040\000G\000r\000a\000d\000i\000e\000n\000t\000\040\000F\000l\000o\000w}{section.14}% 41
\BOOKMARK [2][-]{subsection.14.2}{\376\377\000C\000u\000r\000v\000a\000t\000u\000r\000e\040\023\000C\000o\000n\000t\000r\000a\000c\000t\000i\000o\000n\000\040\000i\000n\000\040\000F\000i\000s\000h\000e\000r\000\040\000G\000e\000o\000m\000e\000t\000r\000y}{section.14}% 42
\BOOKMARK [2][-]{subsection.14.3}{\376\377\000M\000e\000t\000r\000i\000c\000\040\000C\000o\000n\000t\000r\000a\000c\000t\000i\000o\000n\000\040\000R\000a\000t\000e}{section.14}% 43
\BOOKMARK [2][-]{subsection.14.4}{\376\377\000I\000n\000t\000e\000r\000p\000r\000e\000t\000a\000t\000i\000o\000n\000\040\000a\000n\000d\000\040\000C\000o\000n\000n\000e\000c\000t\000i\000o\000n\000\040\000t\000o\000\040\000N\000u\000l\000l\000\040\000I\000n\000o\000c\000u\000l\000a\000t\000i\000o\000n}{section.14}% 44
\BOOKMARK [2][-]{subsection.14.5}{\376\377\000C\000r\000i\000t\000i\000c\000a\000l\000\040\000S\000l\000o\000w\000i\000n\000g\000-\000D\000o\000w\000n\000\040\000a\000n\000d\000\040\000E\000a\000r\000l\000y\000\040\000W\000a\000r\000n\000i\000n\000g}{section.14}% 45
\BOOKMARK [1][-]{section.15}{\376\377\000D\000e\000l\000a\000y\000-\000T\000o\000l\000e\000r\000a\000n\000c\000e\000,\000\040\000P\000a\000r\000t\000i\000a\000l\000\040\000O\000r\000d\000e\000r\000s\000,\000\040\000a\000n\000d\000\040\000C\000a\000u\000s\000a\000l\000\040\000C\000o\000n\000s\000i\000s\000t\000e\000n\000c\000y}{part.2}% 46
\BOOKMARK [2][-]{subsection.15.1}{\376\377\000E\000v\000e\000n\000t\000\040\000S\000t\000r\000u\000c\000t\000u\000r\000e\000s\000\040\000a\000n\000d\000\040\000C\000a\000u\000s\000a\000l\000\040\000D\000e\000p\000e\000n\000d\000e\000n\000c\000i\000e\000s}{section.15}% 47
\BOOKMARK [2][-]{subsection.15.2}{\376\377\000T\000h\000e\000\040\000C\000a\000u\000s\000a\000l\000\040\000I\000n\000t\000e\000r\000p\000r\000e\000t\000a\000t\000i\000o\000n\000\040\000o\000f\000\040\000F\000r\000i\000c\000t\000i\000o\000n}{section.15}% 48
\BOOKMARK [2][-]{subsection.15.3}{\376\377\000C\000a\000u\000s\000a\000l\000\040\000S\000t\000a\000b\000i\000l\000i\000t\000y\000\040\000U\000n\000d\000e\000r\000\040\000P\000a\000r\000t\000i\000a\000l\000\040\000O\000r\000d\000e\000r\000s}{section.15}% 49
\BOOKMARK [1][-]{section.16}{\376\377\000N\000u\000l\000l\000\040\000I\000n\000o\000c\000u\000l\000a\000t\000i\000o\000n\000\040\000a\000n\000d\000\040\000P\000r\000e\000d\000i\000c\000t\000i\000v\000e\000\040\000C\000o\000d\000i\000n\000g}{part.2}% 50
\BOOKMARK [2][-]{subsection.16.1}{\376\377\000P\000r\000e\000d\000i\000c\000t\000i\000v\000e\000\040\000C\000o\000d\000i\000n\000g\000\040\000H\000i\000e\000r\000a\000r\000c\000h\000y}{section.16}% 51
\BOOKMARK [2][-]{subsection.16.2}{\376\377\000N\000u\000l\000l\000\040\000S\000t\000a\000t\000e\000s\000\040\000a\000s\000\040\000P\000r\000e\000c\000i\000s\000i\000o\000n\000\040\000A\000t\000t\000e\000n\000u\000a\000t\000i\000o\000n}{section.16}% 52
\BOOKMARK [2][-]{subsection.16.3}{\376\377\000I\000n\000o\000c\000u\000l\000a\000t\000i\000o\000n\000\040\000a\000s\000\040\000P\000r\000e\000c\000i\000s\000i\000o\000n\000\040\000C\000u\000r\000r\000i\000c\000u\000l\000u\000m}{section.16}% 53
\BOOKMARK [1][-]{section.17}{\376\377\000S\000y\000n\000t\000h\000e\000s\000i\000s\000\040\000o\000f\000\040\000F\000o\000r\000m\000a\000l\000\040\000F\000o\000u\000n\000d\000a\000t\000i\000o\000n\000s}{part.2}% 54
\BOOKMARK [0][-]{part.3}{\376\377\000I\000I\000I\000\040\000P\000l\000a\000t\000f\000o\000r\000m\000\040\000a\000n\000d\000\040\000I\000n\000s\000t\000i\000t\000u\000t\000i\000o\000n\000a\000l\000\040\000D\000e\000s\000i\000g\000n}{}% 55
\BOOKMARK [1][-]{section.18}{\376\377\000T\000h\000e\000\040\000M\000e\000t\000r\000i\000c\000\040\000I\000s\000\040\000N\000o\000t\000\040\000t\000h\000e\000\040\000F\000r\000i\000c\000t\000i\000o\000n}{part.3}% 56
\BOOKMARK [2][-]{subsection.18.1}{\376\377\000M\000e\000a\000s\000u\000r\000e\000d\000\040\000V\000e\000r\000s\000u\000s\000\040\000T\000o\000t\000a\000l\000\040\000F\000r\000i\000c\000t\000i\000o\000n}{section.18}% 57
\BOOKMARK [2][-]{subsection.18.2}{\376\377\000T\000h\000e\000\040\000F\000r\000i\000c\000t\000i\000o\000n\000\040\000S\000u\000b\000s\000t\000i\000t\000u\000t\000i\000o\000n\000\040\000P\000r\000i\000n\000c\000i\000p\000l\000e}{section.18}% 58
\BOOKMARK [2][-]{subsection.18.3}{\376\377\000P\000r\000o\000d\000u\000c\000t\000i\000v\000e\000\040\000a\000n\000d\000\040\000W\000a\000s\000t\000e\000f\000u\000l\000\040\000F\000r\000i\000c\000t\000i\000o\000n\000\040\000D\000i\000s\000t\000i\000n\000g\000u\000i\000s\000h\000e\000d}{section.18}% 59
\BOOKMARK [1][-]{section.19}{\376\377\000O\000p\000t\000i\000m\000i\000z\000a\000t\000i\000o\000n\000\040\000A\000g\000a\000i\000n\000s\000t\000\040\000M\000e\000a\000s\000u\000r\000e\000d\000\040\000F\000r\000i\000c\000t\000i\000o\000n}{part.3}% 60
\BOOKMARK [1][-]{section.20}{\376\377\000A\000d\000v\000e\000r\000s\000a\000r\000i\000a\000l\000\040\000A\000m\000p\000l\000i\000f\000i\000c\000a\000t\000i\000o\000n\000\040\000o\000f\000\040\000M\000e\000t\000r\000i\000c\000\040\000O\000p\000t\000i\000m\000i\000z\000a\000t\000i\000o\000n}{part.3}% 61
\BOOKMARK [1][-]{section.21}{\376\377\000I\000n\000s\000t\000i\000t\000u\000t\000i\000o\000n\000a\000l\000\040\000A\000n\000a\000l\000o\000g\000u\000e\000s}{part.3}% 62
\BOOKMARK [0][-]{part.4}{\376\377\000I\000V\000\040\000E\000d\000u\000c\000a\000t\000i\000o\000n\000a\000l\000\040\000D\000e\000s\000i\000g\000n\000\040\000a\000n\000d\000\040\000t\000h\000e\000\040\000C\000o\000m\000p\000e\000t\000e\000n\000c\000e\000\040\000O\000u\000t\000s\000o\000u\000r\000c\000i\000n\000g\000\040\000P\000r\000o\000b\000l\000e\000m}{}% 63
\BOOKMARK [1][-]{section.22}{\376\377\000P\000r\000e\000m\000a\000t\000u\000r\000e\000\040\000C\000o\000m\000p\000e\000t\000e\000n\000c\000e\000\040\000O\000u\000t\000s\000o\000u\000r\000c\000i\000n\000g}{part.4}% 64
\BOOKMARK [2][-]{subsection.22.1}{\376\377\000T\000h\000e\000\040\000I\000n\000t\000e\000r\000n\000a\000l\000i\000z\000a\000t\000i\000o\000n\000\040\000T\000h\000r\000e\000s\000h\000o\000l\000d}{section.22}% 65
\BOOKMARK [1][-]{section.23}{\376\377\000T\000h\000e\000\040\000E\000d\000u\000c\000a\000t\000i\000o\000n\000a\000l\000\040\000D\000o\000s\000a\000g\000e\000\040\000B\000a\000n\000d}{part.4}% 66
\BOOKMARK [2][-]{subsection.23.1}{\376\377\000I\000n\000s\000t\000i\000t\000u\000t\000i\000o\000n\000a\000l\000\040\000P\000r\000e\000s\000s\000u\000r\000e\000\040\000o\000n\000\040\000t\000h\000e\000\040\000B\000a\000n\000d}{section.23}% 67
\BOOKMARK [1][-]{section.24}{\376\377\000S\000e\000q\000u\000e\000n\000c\000e\000\040\000a\000n\000d\000\040\000t\000h\000e\000\040\000S\000t\000r\000u\000c\000t\000u\000r\000e\000\040\000o\000f\000\040\000S\000c\000a\000f\000f\000o\000l\000d\000i\000n\000g}{part.4}% 68
\BOOKMARK [0][-]{part.5}{\376\377\000V\000\040\000A\000u\000t\000o\000m\000a\000t\000i\000o\000n\000,\000\040\000A\000I\000,\000\040\000a\000n\000d\000\040\000t\000h\000e\000\040\000Q\000u\000e\000s\000t\000i\000o\000n\000\040\000o\000f\000\040\000T\000i\000m\000i\000n\000g}{}% 69
\BOOKMARK [1][-]{section.25}{\376\377\000T\000h\000e\000\040\000F\000r\000i\000c\000t\000i\000o\000n\000l\000e\000s\000s\000\040\000A\000I\000\040\000Q\000u\000e\000s\000t\000i\000o\000n}{part.5}% 70
\BOOKMARK [2][-]{subsection.25.1}{\376\377\000T\000w\000o\000\040\000R\000e\000g\000i\000m\000e\000s\000\040\000o\000f\000\040\000T\000o\000o\000l\000\040\000U\000s\000e}{section.25}% 71
\BOOKMARK [1][-]{section.26}{\376\377\000F\000r\000i\000c\000t\000i\000o\000n\000\040\000a\000s\000\040\000D\000i\000s\000t\000i\000n\000c\000t\000i\000o\000n\000\040\000F\000o\000r\000m\000a\000t\000i\000o\000n}{part.5}% 72
\BOOKMARK [1][-]{section.27}{\376\377\000T\000h\000e\000\040\000T\000i\000m\000i\000n\000g\000\040\000Q\000u\000e\000s\000t\000i\000o\000n}{part.5}% 73
\BOOKMARK [2][-]{subsection.27.1}{\376\377\000A\000\040\000F\000r\000a\000g\000i\000l\000i\000t\000y\000\040\000C\000r\000i\000t\000e\000r\000i\000o\000n\000\040\000f\000o\000r\000\040\000T\000o\000o\000l\000\040\000I\000n\000t\000r\000o\000d\000u\000c\000t\000i\000o\000n}{section.27}% 74
\BOOKMARK [1][-]{section.28}{\376\377\000H\000e\000a\000l\000t\000h\000y\000\040\000F\000r\000i\000c\000t\000i\000o\000n\000\040\000i\000n\000\040\000a\000n\000\040\000A\000u\000t\000o\000m\000a\000t\000e\000d\000\040\000W\000o\000r\000l\000d}{part.5}% 75
\BOOKMARK [1][-]{section.29}{\376\377\000C\000o\000n\000c\000l\000u\000s\000i\000o\000n}{part.5}% 76
\BOOKMARK [1][-]{appendix.A}{\376\377\000M\000i\000n\000i\000m\000a\000l\000\040\000D\000y\000n\000a\000m\000i\000c\000a\000l\000\040\000M\000o\000d\000e\000l\000\040\000o\000f\000\040\000B\000o\000u\000n\000d\000e\000d\000\040\000F\000r\000i\000c\000t\000i\000o\000n}{part.5}% 77
\BOOKMARK [1][-]{appendix.B}{\376\377\000S\000t\000o\000c\000h\000a\000s\000t\000i\000c\000\040\000R\000o\000b\000u\000s\000t\000n\000e\000s\000s\000\040\000a\000n\000d\000\040\000G\000r\000a\000d\000i\000e\000n\000t\000\040\000R\000e\000g\000u\000l\000a\000r\000i\000z\000a\000t\000i\000o\000n}{part.5}% 78
\BOOKMARK [1][-]{appendix.C}{\376\377\000B\000a\000y\000e\000s\000i\000a\000n\000\040\000A\000m\000b\000i\000g\000u\000i\000t\000y\000\040\000T\000o\000l\000e\000r\000a\000n\000c\000e}{part.5}% 79
\BOOKMARK [1][-]{appendix.D}{\376\377\000E\000n\000t\000r\000o\000p\000y\000\040\000S\000u\000p\000p\000r\000e\000s\000s\000i\000o\000n\000\040\000a\000n\000d\000\040\000t\000h\000e\000\040\000S\000m\000o\000o\000t\000h\000n\000e\000s\000s\000\040\000D\000e\000f\000i\000c\000i\000t}{part.5}% 80
\BOOKMARK [1][-]{appendix.E}{\376\377\000S\000i\000m\000u\000l\000a\000t\000e\000d\000\040\000A\000n\000n\000e\000a\000l\000i\000n\000g\000\040\000a\000n\000d\000\040\000t\000h\000e\000\040\000E\000x\000p\000o\000s\000u\000r\000e\040\023\000C\000o\000n\000s\000o\000l\000i\000d\000a\000t\000i\000o\000n\000\040\000C\000y\000c\000l\000e}{part.5}% 81
\BOOKMARK [1][-]{appendix.F}{\376\377\000C\000o\000n\000t\000r\000o\000l\000-\000T\000h\000e\000o\000r\000e\000t\000i\000c\000\040\000S\000t\000a\000b\000i\000l\000i\000t\000y\000\040\000A\000n\000a\000l\000y\000s\000i\000s}{part.5}% 82
\BOOKMARK [1][-]{appendix.G}{\376\377\000I\000r\000r\000e\000v\000e\000r\000s\000i\000b\000l\000e\000\040\000H\000i\000s\000t\000o\000r\000y\000\040\000a\000n\000d\000\040\000N\000a\000r\000r\000a\000t\000i\000v\000e\000\040\000S\000t\000r\000u\000c\000t\000u\000r\000e}{part.5}% 83
\BOOKMARK [1][-]{appendix.H}{\376\377\000C\000a\000t\000e\000g\000o\000r\000y\000-\000T\000h\000e\000o\000r\000e\000t\000i\000c\000\040\000F\000r\000a\000m\000i\000n\000g\000\040\000o\000f\000\040\000N\000u\000l\000l\000\040\000P\000r\000e\000s\000e\000r\000v\000a\000t\000i\000o\000n}{part.5}% 84
\BOOKMARK [1][-]{appendix.I}{\376\377\000E\000x\000p\000l\000i\000c\000i\000t\000\040\000T\000h\000r\000e\000s\000h\000o\000l\000d\000\040\000D\000e\000r\000i\000v\000a\000t\000i\000o\000n\000\040\000i\000n\000\040\000a\000\040\000L\000i\000n\000e\000a\000r\040\023\000G\000a\000u\000s\000s\000i\000a\000n\000\040\000M\000o\000d\000e\000l}{part.5}% 85
\BOOKMARK [1][-]{appendix.J}{\376\377\000M\000e\000t\000a\000s\000t\000a\000b\000l\000e\000\040\000T\000e\000m\000p\000e\000r\000a\000t\000u\000r\000e\000\040\000C\000o\000r\000r\000e\000s\000p\000o\000n\000d\000e\000n\000c\000e}{part.5}% 86
