\BOOKMARK [1][-]{section.1}{\376\377\000D\000i\000s\000t\000i\000n\000c\000t\000i\000o\000n\000s\000\040\000F\000a\000i\000l}{}% 1
\BOOKMARK [1][-]{section.2}{\376\377\000S\000e\000e\000i\000n\000g\000\040\000I\000s\000\040\000R\000e\000p\000a\000i\000r}{}% 2
\BOOKMARK [1][-]{section.3}{\376\377\000M\000i\000s\000u\000n\000d\000e\000r\000s\000t\000a\000n\000d\000i\000n\000g\000\040\000I\000s\000\040\000R\000e\000p\000a\000i\000r\000\040\000F\000a\000i\000l\000u\000r\000e}{}% 3
\BOOKMARK [1][-]{section.4}{\376\377\000I\000n\000t\000e\000l\000l\000i\000g\000e\000n\000c\000e\000\040\000I\000s\000\040\000R\000e\000p\000a\000i\000r\000\040\000C\000a\000p\000a\000c\000i\000t\000y}{}% 4
\BOOKMARK [1][-]{section.5}{\376\377\000A\000d\000m\000i\000s\000s\000i\000b\000i\000l\000i\000t\000y\000\040\000a\000n\000d\000\040\000R\000e\000a\000c\000h\000a\000b\000i\000l\000i\000t\000y}{}% 5
\BOOKMARK [1][-]{section.6}{\376\377\000P\000r\000o\000j\000e\000c\000t\000i\000o\000n\000\040\000R\000e\000p\000a\000i\000r\000\040\000a\000n\000d\000\040\000C\000L\000I\000O}{}% 6
\BOOKMARK [1][-]{section.7}{\376\377\000T\000r\000a\000j\000e\000c\000t\000o\000r\000y\000\040\000R\000e\000p\000a\000i\000r\000\040\000a\000n\000d\000\040\000T\000A\000R\000T\000A\000N}{}% 7
\BOOKMARK [1][-]{section.8}{\376\377\000C\000o\000o\000r\000d\000i\000n\000a\000t\000i\000o\000n\000\040\000a\000n\000d\000\040\000M\000e\000t\000a\000-\000R\000e\000p\000a\000i\000r\000:\000\040\000H\000Y\000D\000R\000A}{}% 8
\BOOKMARK [2][-]{subsection.8.1}{\376\377\000D\000i\000s\000t\000r\000i\000b\000u\000t\000e\000d\000\040\000R\000e\000p\000a\000i\000r}{section.8}% 9
\BOOKMARK [2][-]{subsection.8.2}{\376\377\000M\000e\000t\000a\000-\000R\000e\000p\000a\000i\000r}{section.8}% 10
\BOOKMARK [2][-]{subsection.8.3}{\376\377\000T\000h\000e\000\040\000F\000u\000l\000l\000\040\000R\000e\000c\000u\000r\000s\000i\000o\000n}{section.8}% 11
\BOOKMARK [1][-]{section.9}{\376\377\000F\000r\000e\000e\000\040\000E\000n\000e\000r\000g\000y\000\040\000W\000i\000t\000h\000o\000u\000t\000\040\000A\000g\000e\000n\000t\000s}{}% 12
\BOOKMARK [1][-]{section.10}{\376\377\000F\000a\000c\000u\000l\000t\000y\000\040\000A\000r\000c\000h\000i\000t\000e\000c\000t\000u\000r\000e\000s\000\040\000a\000s\000\040\000C\000r\000y\000s\000t\000a\000l\000l\000i\000z\000e\000d\000\040\000R\000e\000p\000a\000i\000r}{}% 13
\BOOKMARK [2][-]{subsection.10.1}{\376\377\000F\000a\000c\000u\000l\000t\000i\000e\000s\000\040\000a\000s\000\040\000F\000o\000s\000s\000i\000l\000i\000z\000e\000d\000\040\000R\000e\000p\000a\000i\000r}{section.10}% 14
\BOOKMARK [1][-]{section.11}{\376\377\000A\000\040\000C\000a\000t\000e\000g\000o\000r\000i\000c\000a\000l\000\040\000R\000e\000f\000o\000r\000m\000u\000l\000a\000t\000i\000o\000n}{}% 15
\BOOKMARK [2][-]{subsection.11.1}{\376\377\000D\000i\000s\000t\000i\000n\000c\000t\000i\000o\000n\000s\000\040\000a\000n\000d\000\040\000R\000e\000p\000a\000i\000r\000s\000\040\000a\000s\000\040\000a\000\040\000C\000a\000t\000e\000g\000o\000r\000y}{section.11}% 16
\BOOKMARK [2][-]{subsection.11.2}{\376\377\000C\000L\000I\000O\000\040\000a\000s\000\040\000a\000\040\000F\000u\000n\000c\000t\000o\000r}{section.11}% 17
\BOOKMARK [2][-]{subsection.11.3}{\376\377\000T\000A\000R\000T\000A\000N\000\040\000a\000s\000\040\000a\000\040\000P\000a\000t\000h\000\040\000C\000a\000t\000e\000g\000o\000r\000y\000,\000\040\000A\000d\000m\000i\000s\000s\000i\000b\000i\000l\000i\000t\000y\000\040\000a\000s\000\040\000a\000\040\000S\000u\000b\000c\000a\000t\000e\000g\000o\000r\000y}{section.11}% 18
\BOOKMARK [2][-]{subsection.11.4}{\376\377\000H\000Y\000D\000R\000A\000\040\000a\000s\000\040\000a\000\040\0002\000-\000C\000a\000t\000e\000g\000o\000r\000y}{section.11}% 19
\BOOKMARK [2][-]{subsection.11.5}{\376\377\000W\000i\000l\000l\000\040\000a\000s\000\040\000a\000\040\000C\000o\000l\000i\000m\000i\000t}{section.11}% 20
\BOOKMARK [2][-]{subsection.11.6}{\376\377\000S\000h\000e\000a\000v\000e\000s\000:\000\040\000A\000\040\000S\000h\000a\000r\000p\000e\000r\000\040\000T\000h\000e\000o\000r\000y\000\040\000o\000f\000\040\000M\000i\000s\000u\000n\000d\000e\000r\000s\000t\000a\000n\000d\000i\000n\000g}{section.11}% 21
\BOOKMARK [2][-]{subsection.11.7}{\376\377\000T\000h\000e\000\040\000G\000r\000a\000n\000d\000\040\000S\000y\000n\000t\000h\000e\000s\000i\000s}{section.11}% 22
\BOOKMARK [1][-]{section.12}{\376\377\000T\000h\000e\000\040\000T\000r\000u\000n\000k}{}% 23
\BOOKMARK [1][-]{appendix.A}{\376\377\000F\000a\000c\000u\000l\000t\000y\040\023\000R\000e\000p\000a\000i\000r\000\040\000D\000u\000a\000l\000i\000t\000y}{}% 24
\BOOKMARK [1][-]{appendix.B}{\376\377\000T\000h\000e\000\040\000A\000d\000m\000i\000s\000s\000i\000b\000l\000e\000\040\000R\000e\000p\000a\000i\000r\000\040\000F\000i\000b\000r\000a\000t\000i\000o\000n}{}% 25
\BOOKMARK [2][-]{subsection.B.1}{\376\377\000R\000e\000g\000i\000o\000n\000s\000\040\000a\000n\000d\000\040\000F\000i\000b\000e\000r\000s}{appendix.B}% 26
\BOOKMARK [2][-]{subsection.B.2}{\376\377\000R\000e\000c\000o\000v\000e\000r\000i\000n\000g\000\040\000E\000a\000c\000h\000\040\000L\000a\000y\000e\000r}{appendix.B}% 27
\BOOKMARK [2][-]{subsection.B.3}{\376\377\000I\000n\000t\000e\000l\000l\000i\000g\000e\000n\000c\000e\000\040\000a\000s\000\040\000a\000\040\000G\000l\000o\000b\000a\000l\000\040\000S\000e\000c\000t\000i\000o\000n}{appendix.B}% 28
