\BOOKMARK [1][-]{section.1}{\376\377\000I\000n\000t\000r\000o\000d\000u\000c\000t\000i\000o\000n\000:\000\040\000T\000h\000e\000\040\000P\000r\000o\000b\000l\000e\000m\000\040\000o\000f\000\040\000R\000e\000p\000r\000o\000d\000u\000c\000t\000i\000o\000n}{}% 1
\BOOKMARK [1][-]{section.2}{\376\377\000T\000h\000e\000\040\000R\000e\000p\000r\000o\000d\000u\000c\000t\000i\000v\000e\000\040\000O\000r\000g\000a\000n\000s\000\040\000o\000f\000\040\000I\000n\000f\000r\000a\000s\000t\000r\000u\000c\000t\000u\000r\000e}{}% 2
\BOOKMARK [1][-]{section.3}{\376\377\000F\000r\000o\000m\000\040\000P\000h\000y\000s\000i\000c\000a\000l\000\040\000S\000y\000s\000t\000e\000m\000s\000\040\000t\000o\000\040\000D\000i\000s\000t\000i\000n\000c\000t\000i\000o\000n\000\040\000E\000c\000o\000l\000o\000g\000i\000e\000s}{}% 3
\BOOKMARK [1][-]{section.4}{\376\377\000O\000n\000t\000o\000l\000o\000g\000i\000c\000a\000l\000\040\000R\000e\000p\000r\000o\000d\000u\000c\000t\000i\000o\000n}{}% 4
\BOOKMARK [1][-]{section.5}{\376\377\000R\000e\000v\000e\000r\000s\000e\000\040\000C\000e\000n\000t\000a\000u\000r\000s\000\040\000a\000n\000d\000\040\000D\000i\000s\000t\000i\000n\000c\000t\000i\000o\000n\000\040\000C\000o\000l\000l\000a\000p\000s\000e}{}% 5
\BOOKMARK [1][-]{section.6}{\376\377\000T\000h\000e\000\040\000L\000i\000m\000i\000t\000s\000\040\000o\000f\000\040\000C\000r\000i\000t\000i\000q\000u\000e}{}% 6
\BOOKMARK [1][-]{section.7}{\376\377\000M\000e\000t\000a\000-\000O\000n\000t\000o\000l\000o\000g\000i\000c\000a\000l\000\040\000R\000e\000p\000r\000o\000d\000u\000c\000t\000i\000o\000n}{}% 7
\BOOKMARK [1][-]{section.8}{\376\377\000T\000h\000e\000\040\000E\000c\000o\000l\000o\000g\000y\000\040\000o\000f\000\040\000V\000i\000s\000i\000b\000l\000e\000\040\000S\000e\000a\000m\000s}{}% 8
\BOOKMARK [1][-]{section.9}{\376\377\000R\000e\000p\000r\000e\000s\000e\000n\000t\000a\000t\000i\000o\000n\000-\000S\000h\000i\000f\000t\000i\000n\000g\000\040\000C\000a\000p\000a\000c\000i\000t\000y}{}% 9
\BOOKMARK [1][-]{section.10}{\376\377\000A\000\040\000H\000i\000e\000r\000a\000r\000c\000h\000y\000\040\000o\000f\000\040\000R\000e\000p\000r\000o\000d\000u\000c\000t\000i\000o\000n}{}% 10
\BOOKMARK [1][-]{section.11}{\376\377\000G\000e\000n\000e\000r\000a\000t\000i\000v\000i\000t\000y\000\040\000a\000n\000d\000\040\000M\000e\000t\000a\000-\000A\000d\000m\000i\000s\000s\000i\000b\000i\000l\000i\000t\000y}{}% 11
\BOOKMARK [1][-]{section.12}{\376\377\000C\000o\000d\000a\000:\000\040\000T\000h\000e\000\040\000I\000n\000t\000e\000r\000f\000a\000c\000e\000\040\000a\000s\000\040\000I\000t\000s\000\040\000O\000w\000n\000\040\000C\000a\000s\000e\000\040\000S\000t\000u\000d\000y}{}% 12
\BOOKMARK [1][-]{section.13}{\376\377\000C\000o\000n\000c\000l\000u\000s\000i\000o\000n\000:\000\040\000T\000h\000e\000\040\000D\000e\000e\000p\000e\000s\000t\000\040\000R\000e\000p\000r\000o\000d\000u\000c\000t\000i\000v\000e\000\040\000O\000r\000g\000a\000n}{}% 13
\BOOKMARK [1][-]{appendix.A}{\376\377\000C\000i\000v\000i\000l\000i\000z\000a\000t\000i\000o\000n\000a\000l\000\040\000R\000e\000p\000r\000o\000d\000u\000c\000t\000i\000o\000n\000\040\000a\000n\000d\000\040\000D\000i\000s\000t\000i\000n\000c\000t\000i\000o\000n\000\040\000P\000r\000e\000s\000e\000r\000v\000a\000t\000i\000o\000n}{}% 14
\BOOKMARK [1][-]{appendix.B}{\376\377\000R\000e\000p\000r\000o\000d\000u\000c\000t\000i\000v\000e\000\040\000A\000r\000t\000i\000f\000a\000c\000t\000s\000\040\000a\000n\000d\000\040\000D\000i\000s\000t\000i\000n\000c\000t\000i\000o\000n\000\040\000E\000c\000o\000l\000o\000g\000i\000e\000s}{}% 15
\BOOKMARK [1][-]{appendix.C}{\376\377\000O\000n\000t\000o\000l\000o\000g\000i\000c\000a\000l\000\040\000R\000e\000p\000r\000o\000d\000u\000c\000t\000i\000o\000n\000\040\000a\000n\000d\000\040\000t\000h\000e\000\040\000B\000l\000i\000n\000d\000\040\000S\000p\000o\000t\000\040\000P\000r\000o\000p\000o\000s\000i\000t\000i\000o\000n}{}% 16
\BOOKMARK [1][-]{appendix.D}{\376\377\000R\000e\000v\000e\000r\000s\000e\000\040\000C\000e\000n\000t\000a\000u\000r\000s\000:\000\040\000M\000e\000t\000r\000i\000c\000\040\000C\000o\000n\000t\000r\000o\000l\000\040\000a\000n\000d\000\040\000R\000e\000a\000c\000h\000a\000b\000i\000l\000i\000t\000y\000\040\000R\000e\000d\000u\000c\000t\000i\000o\000n}{}% 17
\BOOKMARK [1][-]{appendix.E}{\376\377\000T\000h\000e\000\040\000L\000i\000m\000i\000t\000s\000\040\000o\000f\000\040\000C\000r\000i\000t\000i\000q\000u\000e\000:\000\040\000C\000o\000n\000t\000r\000a\000c\000t\000i\000o\000n\000\040\000a\000n\000d\000\040\000F\000i\000x\000e\000d\000\040\000P\000o\000i\000n\000t\000s}{}% 18
\BOOKMARK [1][-]{appendix.F}{\376\377\000M\000e\000t\000a\000-\000R\000e\000a\000c\000h\000a\000b\000i\000l\000i\000t\000y\000\040\000a\000n\000d\000\040\000M\000e\000t\000a\000-\000O\000n\000t\000o\000l\000o\000g\000i\000c\000a\000l\000\040\000R\000e\000p\000r\000o\000d\000u\000c\000t\000i\000o\000n}{}% 19
\BOOKMARK [1][-]{appendix.G}{\376\377\000V\000i\000s\000i\000b\000l\000e\000\040\000S\000e\000a\000m\000s\000\040\000E\000x\000p\000a\000n\000d\000\040\000M\000e\000t\000a\000-\000R\000e\000a\000c\000h\000a\000b\000i\000l\000i\000t\000y}{}% 20
\BOOKMARK [1][-]{appendix.H}{\376\377\000R\000e\000p\000r\000e\000s\000e\000n\000t\000a\000t\000i\000o\000n\000-\000S\000h\000i\000f\000t\000i\000n\000g\000\040\000C\000a\000p\000a\000c\000i\000t\000y\000\040\000a\000n\000d\000\040\000F\000r\000a\000g\000i\000l\000i\000t\000y}{}% 21
\BOOKMARK [1][-]{appendix.I}{\376\377\000T\000h\000e\000\040\000H\000i\000e\000r\000a\000r\000c\000h\000y\000\040\000o\000f\000\040\000R\000e\000p\000r\000o\000d\000u\000c\000t\000i\000o\000n\000\040\000a\000n\000d\000\040\000t\000h\000e\000\040\000V\000i\000s\000i\000b\000l\000e\000\040\000S\000e\000a\000m\000\040\000T\000h\000e\000o\000r\000e\000m}{}% 22
\BOOKMARK [1][-]{appendix.J}{\376\377\000T\000h\000e\000\040\000F\000r\000e\000e\000\040\000E\000n\000e\000r\000g\000y\000\040\000P\000r\000i\000n\000c\000i\000p\000l\000e\000\040\000a\000s\000\040\000D\000e\000g\000e\000n\000e\000r\000a\000t\000e\000\040\000M\000e\000t\000a\000-\000O\000n\000t\000o\000l\000o\000g\000i\000c\000a\000l\000\040\000R\000e\000p\000r\000o\000d\000u\000c\000t\000i\000o\000n}{}% 23
\BOOKMARK [1][-]{appendix.K}{\376\377\000G\000o\000o\000d\000h\000a\000r\000t\000\040\000C\000o\000l\000l\000a\000p\000s\000e\000\040\000a\000s\000\040\000F\000r\000e\000e\000\040\000E\000n\000e\000r\000g\000y\000\040\000M\000i\000n\000i\000m\000i\000z\000a\000t\000i\000o\000n\000\040\000U\000n\000d\000e\000r\000\040\000a\000\040\000T\000h\000i\000n\000\040\000P\000r\000o\000j\000e\000c\000t\000i\000o\000n}{}% 24
\BOOKMARK [1][-]{appendix.L}{\376\377\000A\000\040\000S\000e\000a\000m\000\040\000a\000s\000\040\000a\000\040\000H\000y\000p\000e\000r\000p\000r\000i\000o\000r\000\040\000o\000n\000\040\000F\000r\000a\000m\000e\000w\000o\000r\000k\000\040\000C\000h\000a\000n\000g\000e}{}% 25
\BOOKMARK [1][-]{proposition.L.1}{\376\377\000R\000e\000f\000e\000r\000e\000n\000c\000e\000s}{}% 26
