\BOOKMARK [1][-]{section.1}{\376\377\000F\000i\000v\000e\000\040\000P\000a\000p\000e\000r\000s\000,\000\040\000O\000n\000e\000\040\000P\000r\000o\000b\000l\000e\000m}{}% 1
\BOOKMARK [1][-]{section.2}{\376\377\000T\000h\000e\000\040\000I\000m\000p\000e\000r\000a\000t\000i\000v\000e\000:\000\040\000W\000e\000a\000k\000\040\000a\000n\000d\000\040\000S\000t\000r\000o\000n\000g\000\040\000F\000o\000r\000m\000s}{}% 2
\BOOKMARK [1][-]{section.3}{\376\377\000F\000i\000v\000e\000\040\000I\000n\000s\000t\000a\000n\000t\000i\000a\000t\000i\000o\000n\000s}{}% 3
\BOOKMARK [2][-]{subsection.3.1}{\376\377\000S\000u\000p\000p\000l\000y\000\040\000C\000h\000a\000i\000n\000s\000\040\000a\000s\000\040\000H\000i\000d\000d\000e\000n\000\040\000S\000t\000a\000t\000e\000s\000:\000\040\000T\000h\000e\000\040\000L\000C\000A\000\040\000A\000g\000e\000n\000t\000\040\000S\000y\000s\000t\000e\000m}{section.3}% 4
\BOOKMARK [2][-]{subsection.3.2}{\376\377\000C\000o\000m\000p\000u\000t\000a\000t\000i\000o\000n\000\040\000I\000n\000s\000i\000d\000e\000\040\000M\000e\000a\000s\000u\000r\000e\000m\000e\000n\000t\000:\000\040\000I\000n\000-\000S\000e\000n\000s\000o\000r\000\040\000S\000p\000e\000c\000t\000r\000a\000l\000\040\000D\000e\000c\000o\000d\000i\000n\000g}{section.3}% 5
\BOOKMARK [2][-]{subsection.3.3}{\376\377\000U\000r\000b\000a\000n\000\040\000F\000l\000o\000w\000s\000\040\000a\000s\000\040\000L\000a\000t\000e\000n\000t\000\040\000G\000e\000o\000m\000e\000t\000r\000y\000:\000\040\000n\000e\000u\000r\000o\000G\000r\000a\000v\000i\000t\000y}{section.3}% 6
\BOOKMARK [2][-]{subsection.3.4}{\376\377\000W\000h\000e\000r\000e\000\040\000I\000n\000f\000o\000r\000m\000a\000t\000i\000o\000n\000\040\000I\000s\000\040\000N\000o\000t\000\040\000W\000h\000e\000r\000e\000\040\000A\000t\000t\000e\000n\000t\000i\000o\000n\000\040\000G\000o\000e\000s\000:\000\040\000G\000a\000z\000e\000\040\000i\000n\000\040\000C\000u\000e\000d\000\040\000S\000p\000e\000e\000c\000h}{section.3}% 7
\BOOKMARK [2][-]{subsection.3.5}{\376\377\000A\000b\000s\000t\000r\000a\000c\000t\000\040\000S\000t\000r\000u\000c\000t\000u\000r\000e\000\040\000B\000e\000f\000o\000r\000e\000\040\000A\000c\000t\000i\000o\000n\000:\000\040\000H\000i\000e\000r\000a\000r\000c\000h\000i\000c\000a\000l\000\040\000M\000e\000t\000a\000-\000R\000L}{section.3}% 8
\BOOKMARK [2][-]{subsection.3.6}{\376\377\000T\000h\000e\000\040\000B\000e\000b\000o\000p\000\040\000R\000e\000s\000u\000l\000t\000:\000\040\000D\000i\000s\000t\000r\000i\000b\000u\000t\000i\000o\000n\000a\000l\000\040\000O\000v\000e\000r\000l\000a\000p\000\040\000a\000s\000\040\000R\000e\000a\000c\000h\000a\000b\000i\000l\000i\000t\000y\000\040\000G\000e\000o\000m\000e\000t\000r\000y}{section.3}% 9
\BOOKMARK [2][-]{subsection.3.7}{\376\377\000T\000h\000e\000\040\000H\000i\000e\000r\000a\000r\000c\000h\000y\000\040\000o\000f\000\040\000F\000u\000t\000u\000r\000e\000\040\000O\000r\000i\000e\000n\000t\000a\000t\000i\000o\000n}{section.3}% 10
\BOOKMARK [1][-]{section.4}{\376\377\000T\000h\000e\000\040\000C\000o\000m\000m\000o\000n\000\040\000A\000r\000c\000h\000i\000t\000e\000c\000t\000u\000r\000e\000\040\000a\000n\000d\000\040\000I\000t\000s\000\040\000C\000l\000o\000s\000u\000r\000e}{}% 11
\BOOKMARK [2][-]{subsection.4.1}{\376\377\000A\000\040\000D\000i\000a\000g\000n\000o\000s\000t\000i\000c\000\040\000P\000r\000i\000n\000c\000i\000p\000l\000e}{section.4}% 12
\BOOKMARK [1][-]{section.5}{\376\377\000C\000o\000n\000n\000e\000c\000t\000i\000o\000n\000s\000\040\000t\000o\000\040\000t\000h\000e\000\040\000T\000h\000e\000o\000r\000e\000t\000i\000c\000a\000l\000\040\000P\000r\000o\000g\000r\000a\000m\000m\000e}{}% 13
\BOOKMARK [2][-]{subsection.5.1}{\376\377\000c\000l\000i\000o\000:\000\040\000T\000h\000e\000\040\000P\000r\000o\000j\000e\000c\000t\000i\000o\000n\000\040\000H\000i\000e\000r\000a\000r\000c\000h\000y}{section.5}% 14
\BOOKMARK [2][-]{subsection.5.2}{\376\377\000r\000s\000v\000p\000:\000\040\000L\000a\000t\000e\000n\000t\000\040\000F\000i\000e\000l\000d\000s\000\040\000a\000n\000d\000\040\000O\000b\000s\000e\000r\000v\000a\000b\000l\000e\000\040\000P\000r\000o\000j\000e\000c\000t\000i\000o\000n\000s}{section.5}% 15
\BOOKMARK [2][-]{subsection.5.3}{\376\377\000A\000d\000m\000i\000s\000s\000i\000b\000i\000l\000i\000t\000y\000:\000\040\000T\000h\000e\000\040\000G\000e\000o\000m\000e\000t\000r\000y\000\040\000o\000f\000\040\000R\000e\000a\000c\000h\000a\000b\000l\000e\000\040\000R\000e\000c\000o\000n\000s\000t\000r\000u\000c\000t\000i\000o\000n\000s}{section.5}% 16
\BOOKMARK [2][-]{subsection.5.4}{\376\377\000H\000i\000d\000d\000e\000n\000\040\000M\000a\000n\000i\000f\000o\000l\000d\000s\000:\000\040\000T\000h\000e\000\040\000G\000e\000o\000m\000e\000t\000r\000y\000\040\000B\000e\000n\000e\000a\000t\000h\000\040\000t\000h\000e\000\040\000D\000a\000t\000a}{section.5}% 17
\BOOKMARK [1][-]{section.6}{\376\377\000T\000h\000e\000\040\000R\000e\000c\000o\000n\000s\000t\000r\000u\000c\000t\000i\000o\000n\000\040\000I\000m\000p\000e\000r\000a\000t\000i\000v\000e\000\040\000a\000n\000d\000\040\000t\000h\000e\000\040\000P\000r\000i\000m\000a\000c\000y\000\040\000o\000f\000\040\000D\000i\000s\000t\000i\000n\000c\000t\000i\000o\000n}{}% 18
\BOOKMARK [1][-]{section.7}{\376\377\000W\000i\000t\000t\000g\000e\000n\000s\000t\000e\000i\000n\000\040\000a\000n\000d\000\040\000t\000h\000e\000\040\000G\000e\000o\000m\000e\000t\000r\000y\000\040\000o\000f\000\040\000S\000i\000l\000e\000n\000c\000e}{}% 19
\BOOKMARK [2][-]{subsection.7.1}{\376\377\000S\000i\000l\000e\000n\000c\000e\000\040\000a\000s\000\040\000M\000a\000x\000i\000m\000a\000l\000\040\000D\000e\000f\000i\000c\000i\000t}{section.7}% 20
\BOOKMARK [2][-]{subsection.7.2}{\376\377\000S\000i\000l\000e\000n\000c\000e\000\040\000I\000s\000\040\000R\000e\000l\000a\000t\000i\000v\000e\000\040\000t\000o\000\040\000a\000\040\000L\000a\000n\000g\000u\000a\000g\000e}{section.7}% 21
\BOOKMARK [2][-]{subsection.7.3}{\376\377\000S\000i\000l\000e\000n\000c\000e\000\040\000a\000s\000\040\000C\000L\000I\000O\000\040\000F\000i\000b\000e\000r}{section.7}% 22
\BOOKMARK [2][-]{subsection.7.4}{\376\377\000A\000g\000a\000i\000n\000s\000t\000\040\000S\000i\000l\000e\000n\000c\000e\000:\000\040\000T\000h\000e\000\040\000R\000e\000v\000i\000s\000a\000b\000i\000l\000i\000t\000y\000\040\000o\000f\000\040\000t\000h\000e\000\040\000B\000o\000u\000n\000d\000a\000r\000y}{section.7}% 23
\BOOKMARK [1][-]{section.8}{\376\377\000T\000h\000e\000\040\000S\000t\000a\000n\000d\000a\000r\000d\000\040\000P\000i\000c\000t\000u\000r\000e\000\040\000a\000n\000d\000\040\000I\000t\000s\000\040\000F\000a\000i\000l\000u\000r\000e\000:\000\040\000W\000h\000y\000\040\000O\000b\000j\000e\000c\000t\000s\000\040\000A\000r\000e\000\040\000N\000o\000t\000\040\000P\000r\000i\000m\000i\000t\000i\000v\000e}{}% 24
\BOOKMARK [1][-]{section.9}{\376\377\000S\000i\000x\000\040\000P\000a\000t\000h\000s\000\040\000t\000o\000\040\000t\000h\000e\000\040\000S\000a\000m\000e\000\040\000I\000n\000v\000e\000r\000s\000i\000o\000n}{}% 25
\BOOKMARK [2][-]{subsection.9.1}{\376\377\000r\000s\000v\000p\000:\000\040\000T\000h\000e\000\040\000F\000i\000e\000l\000d\000-\000T\000h\000e\000o\000r\000e\000t\000i\000c\000\040\000P\000a\000t\000h}{section.9}% 26
\BOOKMARK [2][-]{subsection.9.2}{\376\377\000c\000l\000i\000o\000:\000\040\000T\000h\000e\000\040\000R\000e\000p\000r\000e\000s\000e\000n\000t\000a\000t\000i\000o\000n\000a\000l\000\040\000P\000a\000t\000h}{section.9}% 27
\BOOKMARK [2][-]{subsection.9.3}{\376\377\000A\000d\000m\000i\000s\000s\000i\000b\000i\000l\000i\000t\000y\000:\000\040\000T\000h\000e\000\040\000R\000e\000a\000c\000h\000a\000b\000i\000l\000i\000t\000y\000\040\000P\000a\000t\000h}{section.9}% 28
\BOOKMARK [2][-]{subsection.9.4}{\376\377\000S\000p\000h\000e\000r\000e\000p\000o\000p\000:\000\040\000T\000h\000e\000\040\000C\000o\000m\000p\000u\000t\000a\000t\000i\000o\000n\000a\000l\000\040\000P\000a\000t\000h}{section.9}% 29
\BOOKMARK [2][-]{subsection.9.5}{\376\377\000R\000e\000p\000a\000i\000r\000:\000\040\000T\000h\000e\000\040\000R\000e\000s\000t\000o\000r\000a\000t\000i\000o\000n\000\040\000P\000a\000t\000h}{section.9}% 30
\BOOKMARK [2][-]{subsection.9.6}{\376\377\000D\000i\000s\000t\000i\000n\000g\000u\000i\000s\000h\000a\000b\000i\000l\000i\000t\000y\000\040\000G\000e\000o\000m\000e\000t\000r\000y\000:\000\040\000T\000h\000e\000\040\000I\000n\000v\000a\000r\000i\000a\000n\000t\000\040\000P\000a\000t\000h}{section.9}% 31
\BOOKMARK [1][-]{section.10}{\376\377\000T\000h\000e\000\040\000C\000o\000m\000m\000o\000n\000\040\000O\000b\000j\000e\000c\000t\000:\000\040\000T\000h\000e\000\040\000D\000i\000s\000t\000i\000n\000c\000t\000i\000o\000n\000\040\000F\000i\000e\000l\000d}{}% 32
\BOOKMARK [2][-]{subsection.10.1}{\376\377\000O\000b\000j\000e\000c\000t\000s\000\040\000a\000s\000\040\000R\000e\000s\000i\000d\000u\000e\000s}{section.10}% 33
\BOOKMARK [2][-]{subsection.10.2}{\376\377\000D\000i\000f\000f\000e\000r\000e\000n\000t\000\040\000N\000o\000t\000i\000o\000n\000s\000\040\000o\000f\000\040\000F\000a\000i\000l\000u\000r\000e}{section.10}% 34
\BOOKMARK [2][-]{subsection.10.3}{\376\377\000P\000r\000o\000g\000r\000e\000s\000s\000\040\000a\000s\000\040\000R\000e\000f\000i\000n\000e\000m\000e\000n\000t\000,\000\040\000N\000o\000t\000\040\000A\000c\000c\000u\000m\000u\000l\000a\000t\000i\000o\000n}{section.10}% 35
\BOOKMARK [1][-]{section.11}{\376\377\000T\000h\000e\000\040\000U\000n\000i\000f\000i\000e\000d\000\040\000G\000e\000o\000m\000e\000t\000r\000y}{}% 36
\BOOKMARK [2][-]{subsection.11.1}{\376\377\000C\000r\000o\000s\000s\000-\000F\000r\000a\000m\000e\000w\000o\000r\000k\000\040\000D\000i\000c\000t\000i\000o\000n\000a\000r\000y}{section.11}% 37
\BOOKMARK [2][-]{subsection.11.2}{\376\377\000T\000h\000e\000\040\000I\000n\000v\000a\000r\000i\000a\000n\000t}{section.11}% 38
\BOOKMARK [2][-]{subsection.11.3}{\376\377\000O\000p\000e\000n\000\040\000C\000o\000m\000m\000i\000t\000m\000e\000n\000t\000s}{section.11}% 39
\BOOKMARK [2][-]{subsection.11.4}{\376\377\000T\000h\000e\000\040\000U\000n\000i\000f\000i\000e\000d\000\040\000D\000i\000s\000t\000i\000n\000c\000t\000i\000o\000n\000\040\000T\000h\000e\000o\000r\000e\000m}{section.11}% 40
\BOOKMARK [1][-]{section.12}{\376\377\000I\000n\000t\000e\000l\000l\000i\000g\000e\000n\000c\000e\000\040\000a\000s\000\040\000S\000o\000c\000i\000a\000l\000\040\000P\000a\000t\000h\000o\000l\000o\000g\000y\000:\000\040\000A\000\040\000C\000u\000l\000t\000u\000r\000a\000l\000\040\000I\000n\000t\000e\000r\000l\000u\000d\000e}{}% 41
\BOOKMARK [2][-]{subsection.12.1}{\376\377\000T\000h\000e\000\040\000P\000i\000l\000o\000t\000\040\000E\000p\000i\000s\000o\000d\000e\000\040\000a\000s\000\040\000D\000i\000a\000g\000n\000o\000s\000t\000i\000c}{section.12}% 42
\BOOKMARK [2][-]{subsection.12.2}{\376\377\000T\000h\000e\000\040\000S\000t\000r\000u\000c\000t\000u\000r\000a\000l\000\040\000C\000r\000i\000t\000i\000q\000u\000e}{section.12}% 43
\BOOKMARK [2][-]{subsection.12.3}{\376\377\000T\000h\000e\000\040\000R\000e\000c\000o\000n\000s\000t\000r\000u\000c\000t\000i\000o\000n\000\040\000P\000a\000r\000a\000l\000l\000e\000l}{section.12}% 44
\BOOKMARK [1][-]{section.13}{\376\377\000P\000a\000p\000e\000r\000b\000o\000t\000s\000:\000\040\000A\000\040\000C\000o\000u\000n\000t\000e\000r\000-\000A\000r\000c\000h\000i\000t\000e\000c\000t\000u\000r\000e}{}% 45
\BOOKMARK [2][-]{subsection.13.1}{\376\377\000D\000e\000f\000i\000n\000i\000t\000i\000o\000n}{section.13}% 46
\BOOKMARK [2][-]{subsection.13.2}{\376\377\000T\000h\000e\000\040\000C\000P\000G\000-\000C\000h\000a\000i\000n\000\040\000A\000r\000c\000h\000i\000t\000e\000c\000t\000u\000r\000e}{section.13}% 47
\BOOKMARK [2][-]{subsection.13.3}{\376\377\000M\000o\000v\000e\000m\000e\000n\000t\000\040\000S\000e\000l\000e\000c\000t\000i\000o\000n}{section.13}% 48
\BOOKMARK [2][-]{subsection.13.4}{\376\377\000T\000h\000e\000\040\000I\000n\000v\000e\000r\000s\000i\000o\000n\000\040\000o\000f\000\040\000t\000h\000e\000\040\000S\000i\000t\000c\000o\000m}{section.13}% 49
\BOOKMARK [1][-]{section.14}{\376\377\000T\000h\000e\000\040\000D\000i\000s\000t\000i\000n\000c\000t\000i\000o\000n\000\040\000E\000c\000o\000n\000o\000m\000y}{}% 50
\BOOKMARK [2][-]{subsection.14.1}{\376\377\000D\000i\000s\000t\000i\000n\000c\000t\000i\000o\000n\000\040\000C\000a\000p\000i\000t\000a\000l\000\040\000a\000n\000d\000\040\000I\000t\000s\000\040\000D\000y\000n\000a\000m\000i\000c\000s}{section.14}% 51
\BOOKMARK [2][-]{subsection.14.2}{\376\377\000D\000i\000s\000t\000i\000n\000c\000t\000i\000o\000n\000\040\000I\000n\000f\000r\000a\000s\000t\000r\000u\000c\000t\000u\000r\000e}{section.14}% 52
\BOOKMARK [2][-]{subsection.14.3}{\376\377\000D\000i\000s\000t\000i\000n\000c\000t\000i\000o\000n\000\040\000P\000r\000o\000d\000u\000c\000t\000i\000v\000i\000t\000y\000\040\000a\000n\000d\000\040\000R\000e\000s\000i\000l\000i\000e\000n\000c\000e}{section.14}% 53
\BOOKMARK [1][-]{section.15}{\376\377\000T\000h\000e\000\040\000R\000e\000m\000a\000t\000c\000h\000i\000n\000g\000\040\000A\000r\000c\000h\000i\000v\000e\000:\000\040\000D\000i\000s\000t\000i\000n\000c\000t\000i\000o\000n\000\040\000E\000c\000o\000n\000o\000m\000y\000\040\000i\000n\000\040\000H\000a\000r\000d\000w\000a\000r\000e}{}% 54
\BOOKMARK [2][-]{subsection.15.1}{\376\377\000T\000h\000e\000\040\000T\000h\000i\000n\000\040\000P\000i\000p\000e\000\040\000a\000n\000d\000\040\000I\000t\000s\000\040\000P\000a\000t\000h\000o\000l\000o\000g\000i\000e\000s}{section.15}% 55
\BOOKMARK [2][-]{subsection.15.2}{\376\377\000T\000h\000e\000\040\000R\000e\000m\000a\000t\000c\000h\000i\000n\000g\000\040\000A\000r\000c\000h\000i\000v\000e\000:\000\040\000T\000h\000r\000e\000e\000\040\000I\000n\000v\000e\000r\000s\000i\000o\000n\000s}{section.15}% 56
\BOOKMARK [2][-]{subsection.15.3}{\376\377\000O\000n\000t\000o\000l\000o\000g\000i\000c\000a\000l\000\040\000D\000e\000f\000i\000c\000i\000t\000\040\000a\000n\000d\000\040\000t\000h\000e\000\040\000M\000D\000L\000\040\000O\000b\000j\000e\000c\000t\000i\000v\000e}{section.15}% 57
\BOOKMARK [2][-]{subsection.15.4}{\376\377\000T\000h\000e\000\040\000D\000e\000v\000i\000l\000'\000s\000\040\000S\000t\000a\000i\000r\000c\000a\000s\000e\000:\000\040\000W\000a\000v\000e\000s\000\040\000o\000f\000\040\000O\000n\000t\000o\000l\000o\000g\000i\000c\000a\000l\000\040\000C\000o\000l\000l\000a\000p\000s\000e}{section.15}% 58
\BOOKMARK [2][-]{subsection.15.5}{\376\377\000T\000A\000R\000T\000A\000N\000\040\000T\000i\000l\000i\000n\000g\000\040\000a\000n\000d\000\040\000t\000h\000e\000\040\000A\000n\000o\000m\000a\000l\000y\000\040\000F\000i\000e\000l\000d}{section.15}% 59
\BOOKMARK [2][-]{subsection.15.6}{\376\377\000T\000h\000e\000\040\000W\000o\000r\000l\000d\000-\000M\000o\000d\000e\000l\000\040\000C\000r\000o\000s\000s\000o\000v\000e\000r}{section.15}% 60
\BOOKMARK [1][-]{section.16}{\376\377\000T\000h\000e\000\040\000P\000a\000p\000e\000r\000b\000o\000t\000\040\000P\000a\000r\000l\000i\000a\000m\000e\000n\000t\000:\000\040\000A\000\040\000C\000o\000n\000s\000t\000i\000t\000u\000t\000i\000o\000n\000a\000l\000\040\000A\000c\000c\000o\000u\000n\000t}{}% 61
\BOOKMARK [2][-]{subsection.16.1}{\376\377\000C\000o\000n\000s\000t\000i\000t\000u\000t\000i\000o\000n\000a\000l\000\040\000O\000f\000f\000i\000c\000e\000s}{section.16}% 62
\BOOKMARK [2][-]{subsection.16.2}{\376\377\000P\000a\000r\000l\000i\000a\000m\000e\000n\000t\000a\000r\000y\000\040\000E\000v\000o\000l\000u\000t\000i\000o\000n\000\040\000o\000f\000\040\000a\000n\000\040\000A\000r\000g\000u\000m\000e\000n\000t}{section.16}% 63
\BOOKMARK [2][-]{subsection.16.3}{\376\377\000S\000c\000a\000l\000e\000\040\000T\000i\000l\000i\000n\000g}{section.16}% 64
\BOOKMARK [1][-]{section.17}{\376\377\000T\000h\000e\000\040\000G\000e\000o\000m\000e\000t\000r\000y\000\040\000o\000f\000\040\000I\000n\000t\000e\000l\000l\000e\000c\000t\000u\000a\000l\000\040\000M\000o\000v\000e\000m\000e\000n\000t\000s}{}% 65
\BOOKMARK [2][-]{subsection.17.1}{\376\377\000M\000o\000v\000e\000m\000e\000n\000t\000s\000\040\000a\000s\000\040\000P\000r\000o\000j\000e\000c\000t\000i\000o\000n\000s}{section.17}% 66
\BOOKMARK [2][-]{subsection.17.2}{\376\377\000M\000o\000v\000e\000m\000e\000n\000t\000\040\000D\000i\000s\000t\000a\000n\000c\000e\000\040\000a\000n\000d\000\040\000t\000h\000e\000\040\000T\000o\000p\000o\000l\000o\000g\000y\000\040\000o\000f\000\040\000D\000i\000s\000a\000g\000r\000e\000e\000m\000e\000n\000t}{section.17}% 67
\BOOKMARK [2][-]{subsection.17.3}{\376\377\000P\000a\000r\000a\000d\000i\000g\000m\000\040\000S\000h\000i\000f\000t\000s\000\040\000a\000s\000\040\000M\000a\000n\000i\000f\000o\000l\000d\000\040\000T\000r\000a\000n\000s\000i\000t\000i\000o\000n\000s}{section.17}% 68
\BOOKMARK [1][-]{section.18}{\376\377\000C\000P\000G\000\040\000C\000h\000a\000i\000n\000s\000\040\000a\000n\000d\000\040\000I\000n\000t\000e\000l\000l\000e\000c\000t\000u\000a\000l\000\040\000M\000e\000t\000a\000b\000o\000l\000i\000s\000m}{}% 69
\BOOKMARK [2][-]{subsection.18.1}{\376\377\000T\000h\000e\000\040\000C\000P\000G\000\040\000A\000r\000c\000h\000i\000t\000e\000c\000t\000u\000r\000e}{section.18}% 70
\BOOKMARK [2][-]{subsection.18.2}{\376\377\000I\000n\000t\000e\000l\000l\000e\000c\000t\000u\000a\000l\000\040\000M\000e\000t\000a\000b\000o\000l\000i\000s\000m}{section.18}% 71
\BOOKMARK [1][-]{section.19}{\376\377\000A\000n\000t\000i\000-\000I\000n\000t\000e\000l\000l\000e\000c\000t\000u\000a\000l\000i\000s\000m\000\040\000a\000s\000\040\000P\000r\000o\000j\000e\000c\000t\000i\000o\000n\000\040\000C\000o\000l\000l\000a\000p\000s\000e\000:\000\040\000A\000\040\000F\000o\000r\000m\000a\000l\000\040\000A\000c\000c\000o\000u\000n\000t}{}% 72
\BOOKMARK [2][-]{subsection.19.1}{\376\377\000T\000h\000e\000\040\000S\000i\000t\000c\000o\000m\000\040\000P\000r\000o\000j\000e\000c\000t\000i\000o\000n}{section.19}% 73
\BOOKMARK [2][-]{subsection.19.2}{\376\377\000T\000h\000e\000\040\000P\000s\000y\000c\000h\000o\000l\000o\000g\000i\000s\000a\000t\000i\000o\000n\000\040\000o\000f\000\040\000E\000p\000i\000s\000t\000e\000m\000o\000l\000o\000g\000y}{section.19}% 74
\BOOKMARK [1][-]{section.20}{\376\377\000T\000h\000e\000\040\000R\000e\000c\000o\000n\000s\000t\000r\000u\000c\000t\000i\000o\000n\000\040\000S\000t\000a\000t\000e\000:\000\040\000D\000i\000s\000t\000i\000n\000c\000t\000i\000o\000n\000\040\000a\000s\000\040\000P\000o\000l\000i\000t\000i\000c\000a\000l\000\040\000P\000h\000i\000l\000o\000s\000o\000p\000h\000y}{}% 75
\BOOKMARK [2][-]{subsection.20.1}{\376\377\000T\000h\000e\000\040\000I\000n\000s\000t\000i\000t\000u\000t\000i\000o\000n\000a\000l\000\040\000Q\000u\000a\000l\000i\000t\000y\000\040\000M\000e\000t\000r\000i\000c}{section.20}% 76
\BOOKMARK [2][-]{subsection.20.2}{\376\377\000T\000h\000e\000\040\000R\000e\000c\000o\000n\000s\000t\000r\000u\000c\000t\000i\000o\000n\000\040\000S\000t\000a\000t\000e}{section.20}% 77
\BOOKMARK [2][-]{subsection.20.3}{\376\377\000C\000o\000u\000r\000t\000s\000\040\000a\000s\000\040\000D\000i\000s\000t\000i\000n\000c\000t\000i\000o\000n\000\040\000A\000d\000j\000u\000d\000i\000c\000a\000t\000o\000r\000s}{section.20}% 78
\BOOKMARK [1][-]{section.21}{\376\377\000G\000r\000a\000n\000d\000\040\000U\000n\000i\000f\000i\000c\000a\000t\000i\000o\000n\000:\000\040\000T\000h\000e\000\040\000M\000a\000s\000t\000e\000r\000\040\000E\000q\000u\000a\000t\000i\000o\000n}{}% 79
\BOOKMARK [2][-]{subsection.21.1}{\376\377\000T\000h\000e\000\040\000D\000e\000f\000i\000c\000i\000t\000\040\000F\000i\000e\000l\000d}{section.21}% 80
\BOOKMARK [2][-]{subsection.21.2}{\376\377\000E\000v\000e\000r\000y\000\040\000F\000r\000a\000m\000e\000w\000o\000r\000k\000\040\000a\000s\000\040\000a\000\040\000C\000o\000o\000r\000d\000i\000n\000a\000t\000e\000\040\000C\000h\000a\000r\000t}{section.21}% 81
\BOOKMARK [2][-]{subsection.21.3}{\376\377\000T\000h\000e\000\040\000D\000e\000f\000i\000c\000i\000t\000\040\000a\000s\000\040\000U\000n\000i\000v\000e\000r\000s\000a\000l\000\040\000I\000n\000v\000a\000r\000i\000a\000n\000t}{section.21}% 82
\BOOKMARK [1][-]{section.22}{\376\377\000S\000y\000n\000t\000h\000e\000s\000i\000s\000:\000\040\000T\000h\000e\000\040\000A\000r\000c\000h\000i\000t\000e\000c\000t\000u\000r\000e\000\040\000o\000f\000\040\000a\000\040\000D\000i\000s\000t\000i\000n\000c\000t\000i\000o\000n\000-\000M\000a\000i\000n\000t\000a\000i\000n\000i\000n\000g\000\040\000C\000i\000v\000i\000l\000i\000s\000a\000t\000i\000o\000n}{}% 83
